date:
2020年 04月 28日 星期二 12:09:26 CST
＜----------------------------------------------------------------＞
os version:
Kali GNU/Linux Rolling \n \l

＜----------------------------------------------------------------＞
cpu information:
processor	: 0
vendor_id	: GenuineIntel
cpu family	: 6
model		: 158
model name	: Intel(R) Core(TM) i9-9900K CPU @ 3.60GHz
stepping	: 12
microcode	: 0x9e
cpu MHz		: 3600.003
cache size	: 16384 KB
physical id	: 0
siblings	: 2
core id		: 0
cpu cores	: 2
apicid		: 0
initial apicid	: 0
fpu		: yes
fpu_exception	: yes
cpuid level	: 22
wp		: yes
flags		: fpu vme de pse tsc msr pae mce cx8 apic sep mtrr pge mca cmov pat pse36 clflush mmx fxsr sse sse2 ss ht syscall nx rdtscp lm constant_tsc arch_perfmon nopl tsc_reliable nonstop_tsc cpuid pni pclmulqdq ssse3 cx16 sse4_1 sse4_2 movbe popcnt aes hypervisor lahf_lm 3dnowprefetch pti arat
bugs		: cpu_meltdown spectre_v1 spectre_v2 spec_store_bypass l1tf mds swapgs itlb_multihit
bogomips	: 7200.00
clflush size	: 64
cache_alignment	: 64
address sizes	: 40 bits physical, 48 bits virtual
power management:

processor	: 1
vendor_id	: GenuineIntel
cpu family	: 6
model		: 158
model name	: Intel(R) Core(TM) i9-9900K CPU @ 3.60GHz
stepping	: 12
microcode	: 0x9e
cpu MHz		: 3600.003
cache size	: 16384 KB
physical id	: 0
siblings	: 2
core id		: 1
cpu cores	: 2
apicid		: 1
initial apicid	: 1
fpu		: yes
fpu_exception	: yes
cpuid level	: 22
wp		: yes
flags		: fpu vme de pse tsc msr pae mce cx8 apic sep mtrr pge mca cmov pat pse36 clflush mmx fxsr sse sse2 ss ht syscall nx rdtscp lm constant_tsc arch_perfmon nopl tsc_reliable nonstop_tsc cpuid pni pclmulqdq ssse3 cx16 sse4_1 sse4_2 movbe popcnt aes hypervisor lahf_lm 3dnowprefetch pti arat
bugs		: cpu_meltdown spectre_v1 spectre_v2 spec_store_bypass l1tf mds swapgs itlb_multihit
bogomips	: 7200.00
clflush size	: 64
cache_alignment	: 64
address sizes	: 40 bits physical, 48 bits virtual
power management:

processor	: 2
vendor_id	: GenuineIntel
cpu family	: 6
model		: 158
model name	: Intel(R) Core(TM) i9-9900K CPU @ 3.60GHz
stepping	: 12
microcode	: 0x9e
cpu MHz		: 3600.003
cache size	: 16384 KB
physical id	: 1
siblings	: 2
core id		: 0
cpu cores	: 2
apicid		: 2
initial apicid	: 2
fpu		: yes
fpu_exception	: yes
cpuid level	: 22
wp		: yes
flags		: fpu vme de pse tsc msr pae mce cx8 apic sep mtrr pge mca cmov pat pse36 clflush mmx fxsr sse sse2 ss ht syscall nx rdtscp lm constant_tsc arch_perfmon nopl tsc_reliable nonstop_tsc cpuid pni pclmulqdq ssse3 cx16 sse4_1 sse4_2 movbe popcnt aes hypervisor lahf_lm 3dnowprefetch pti arat
bugs		: cpu_meltdown spectre_v1 spectre_v2 spec_store_bypass l1tf mds swapgs itlb_multihit
bogomips	: 7200.00
clflush size	: 64
cache_alignment	: 64
address sizes	: 40 bits physical, 48 bits virtual
power management:

processor	: 3
vendor_id	: GenuineIntel
cpu family	: 6
model		: 158
model name	: Intel(R) Core(TM) i9-9900K CPU @ 3.60GHz
stepping	: 12
microcode	: 0x9e
cpu MHz		: 3600.003
cache size	: 16384 KB
physical id	: 1
siblings	: 2
core id		: 1
cpu cores	: 2
apicid		: 3
initial apicid	: 3
fpu		: yes
fpu_exception	: yes
cpuid level	: 22
wp		: yes
flags		: fpu vme de pse tsc msr pae mce cx8 apic sep mtrr pge mca cmov pat pse36 clflush mmx fxsr sse sse2 ss ht syscall nx rdtscp lm constant_tsc arch_perfmon nopl tsc_reliable nonstop_tsc cpuid pni pclmulqdq ssse3 cx16 sse4_1 sse4_2 movbe popcnt aes hypervisor lahf_lm 3dnowprefetch pti arat
bugs		: cpu_meltdown spectre_v1 spectre_v2 spec_store_bypass l1tf mds swapgs itlb_multihit
bogomips	: 7200.00
clflush size	: 64
cache_alignment	: 64
address sizes	: 40 bits physical, 48 bits virtual
power management:

＜----------------------------------------------------------------＞
memory information:
MemTotal:        2039236 kB
MemFree:          507816 kB
MemAvailable:     875104 kB
Buffers:           34848 kB
Cached:           450348 kB
SwapCached:        30448 kB
Active:           750980 kB
Inactive:         556180 kB
Active(anon):     432436 kB
Inactive(anon):   406352 kB
Active(file):     318544 kB
Inactive(file):   149828 kB
Unevictable:           0 kB
Mlocked:               0 kB
SwapTotal:       2094076 kB
SwapFree:        1992700 kB
Dirty:                92 kB
Writeback:             0 kB
AnonPages:        793564 kB
Mapped:           169704 kB
Shmem:             16824 kB
KReclaimable:      60856 kB
Slab:             146368 kB
SReclaimable:      60856 kB
SUnreclaim:        85512 kB
KernelStack:        8960 kB
PageTables:        15584 kB
NFS_Unstable:          0 kB
Bounce:                0 kB
WritebackTmp:          0 kB
CommitLimit:     3113692 kB
Committed_AS:    4761216 kB
VmallocTotal:   34359738367 kB
VmallocUsed:       35684 kB
VmallocChunk:          0 kB
Percpu:             2752 kB
HardwareCorrupted:     0 kB
AnonHugePages:    389120 kB
ShmemHugePages:        0 kB
ShmemPmdMapped:        0 kB
FileHugePages:         0 kB
FilePmdMapped:         0 kB
HugePages_Total:       0
HugePages_Free:        0
HugePages_Rsvd:        0
HugePages_Surp:        0
Hugepagesize:       2048 kB
Hugetlb:               0 kB
DirectMap4k:      153472 kB
DirectMap2M:     1943552 kB
＜----------------------------------------------------------------＞
disk information:
Disk /dev/sda: 60 GiB, 64424509440 bytes, 125829120 sectors
Disk model: VMware Virtual S
Units: sectors of 1 * 512 = 512 bytes
Sector size (logical/physical): 512 bytes / 512 bytes
I/O size (minimum/optimal): 512 bytes / 512 bytes
Disklabel type: dos
Disk identifier: 0x920fe48e

Device     Boot     Start       End   Sectors Size Id Type
/dev/sda1  *         2048 121636863 121634816  58G 83 Linux
/dev/sda2       121638910 125827071   4188162   2G  5 Extended
/dev/sda5       121638912 125827071   4188160   2G 82 Linux swap / Solaris
文件系统        容量  已用  可用 已用% 挂载点
udev            962M     0  962M    0% /dev
tmpfs           200M  1.5M  198M    1% /run
/dev/sda1        57G   13G   42G   24% /
tmpfs           996M     0  996M    0% /dev/shm
tmpfs           5.0M     0  5.0M    0% /run/lock
tmpfs           996M     0  996M    0% /sys/fs/cgroup
tmpfs           200M   16K  200M    1% /run/user/133
tmpfs           200M   20K  200M    1% /run/user/0
/dev/sr0        2.9G  2.9G     0  100% /media/cdrom0
＜----------------------------------------------------------------＞
uptime:
 12:09:26 up  3:35,  1 user,  load average: 0.08, 0.09, 0.05
＜----------------------------------------------------------------＞
installed software:
accountsservice					install
acl						install
adduser						install
adwaita-icon-theme				install
aircrack-ng					install
alsa-tools					install
alsa-topology-conf				install
alsa-ucm-conf					install
amass						install
amass-common					install
amd64-microcode					install
apache2						install
apache2-bin					install
apache2-data					install
apache2-utils					install
apg						install
apparmor					install
appstream					install
apt						install
apt-config-icons				install
apt-listchanges					install
apt-utils					install
arj						install
arp-scan					install
arping						install
aspell						install
aspell-en					install
at-spi2-core					install
atftpd						install
atmel-firmware					install
attr						install
autopsy						install
avahi-daemon					install
axel						install
b43-fwcutter					install
baobab						install
base-files					install
base-passwd					install
bash						install
bash-completion					install
bind9-host					install
binfmt-support					install
binutils					install
binutils-common:amd64				install
binutils-x86-64-linux-gnu			install
binwalk						install
bison						install
blt						install
bluez						install
bluez-firmware					install
bluez-hcidump					install
bluez-obexd					install
bolt						install
bsdmainutils					install
bsdutils					install
bubblewrap					install
build-essential					install
bulk-extractor					install
bully						install
bundler						install
burpsuite					install
busybox						install
bzip2						install
ca-certificates					install
ca-certificates-java				install
cadaver						install
caribou						install
cewl						install
cgpt						install
cheese-common					install
cherrytree					install
chntpw						install
chrome-gnome-shell				install
chromium					install
chromium-common					install
chromium-driver					install
chromium-sandbox				install
cifs-utils					install
clang						install
clang-6.0					install
clang-8						install
clang-9						install
clusterd					install
colord						install
colord-data					install
commix						install
console-setup					install
console-setup-linux				install
coreutils					install
cpio						install
cpp						install
cpp-8						install
cpp-9						install
cracklib-runtime				install
cramfsswap					install
crda						install
creddump7					install
cron						install
crunch						install
cryptcat					install
cryptsetup					install
cryptsetup-bin					install
cryptsetup-initramfs				install
cryptsetup-nuke-password			install
cryptsetup-run					install
cups-bsd					install
cups-client					install
cups-common					install
cups-pk-helper					install
curl						install
curlftpfs					install
cutycapt					install
cython3						install
dahdi-firmware-nonfree				install
dash						install
davtest						install
dbd						install
dbus						install
dbus-user-session				install
dbus-x11					install
dconf-cli					install
dconf-gsettings-backend:amd64			install
dconf-service					install
dcraw						install
debconf						install
debconf-i18n					install
debian-archive-keyring				install
debian-faq					install
debianutils					install
debtags						install
default-jre					install
default-jre-headless				install
default-mysql-server				install
desktop-base					install
desktop-file-utils				install
dictionaries-common				install
diffutils					install
dirb						install
dirbuster					install
dirmngr						install
distro-info-data				install
dleyna-server					install
dmeventd					install
dmidecode					install
dmitry						install
dmsetup						install
dns-root-data					install
dns2tcp						install
dnschef						install
dnsenum						install
dnsmasq-base					install
dnsrecon					install
dnsutils					install
doc-debian					install
dos2unix					install
dosfstools					install
dpkg						install
dpkg-dev					install
e2fsprogs					install
easy-rsa					install
eatmydata					install
eject						install
emacsen-common					install
enchant-2					install
enum4linux					install
eog						install
espeak-ng-data:amd64				install
ethtool						install
ettercap-common					install
ettercap-graphical				install
evince						install
evince-common					install
evolution-data-server				install
evolution-data-server-common			install
exe2hexbat					install
exfat-fuse					install
exfat-utils					install
exim4-base					install
exim4-config					install
exim4-daemon-light				install
exiv2						install
expect						install
exploitdb					install
fakeroot					install
faraday						install
fastjar						install
fdisk						install
fern-wifi-cracker				install
fierce						install
figlet						install
file						install
file-roller					install
findutils					install
finger						install
firebird3.0-common				install
firebird3.0-common-doc				install
firefox-esr					install
firmware-amd-graphics				install
firmware-ath9k-htc				install
firmware-atheros				install
firmware-b43-installer				install
firmware-b43legacy-installer			install
firmware-bnx2					install
firmware-bnx2x					install
firmware-brcm80211				install
firmware-cavium					install
firmware-intel-sound				install
firmware-intelwimax				install
firmware-ipw2x00				install
firmware-ivtv					install
firmware-iwlwifi				install
firmware-libertas				install
firmware-linux					install
firmware-linux-free				install
firmware-linux-nonfree				install
firmware-misc-nonfree				install
firmware-myricom				install
firmware-netronome				install
firmware-netxen					install
firmware-qcom-media				install
firmware-qlogic					install
firmware-ralink					install
firmware-realtek				install
firmware-samsung				install
firmware-siano					install
firmware-ti-connectivity			install
firmware-zd1211					install
flac						install
flex						install
florence					install
folks-common					install
fontconfig					install
fontconfig-config				install
fonts-cantarell					install
fonts-dejavu					install
fonts-dejavu-core				install
fonts-dejavu-extra				install
fonts-droid-fallback				install
fonts-firacode					install
fonts-font-awesome				install
fonts-glyphicons-halflings			install
fonts-hack					install
fonts-lato					install
fonts-liberation				install
fonts-lyx					install
fonts-noto-color-emoji				install
fonts-noto-mono					install
fonts-quicksand					install
fonts-roboto-slab				install
fonts-urw-base35				install
fping						install
freeglut3:amd64					install
freerdp2-x11					install
freetds-common					install
ftp						install
fuse						install
fwupd						install
fwupd-amd64-signed				install
g++						install
g++-9						install
galera-3					install
gawk						install
gcc						install
gcc-10-base:amd64				install
gcc-8						install
gcc-8-base:amd64				install
gcc-9						install
gcc-9-base:amd64				install
gcr						install
gdal-data					install
gdisk						install
gdm3						install
gedit						install
gedit-common					install
geoclue-2.0					install
geoip-database					install
gettext-base					install
gir1.2-accountsservice-1.0:amd64		install
gir1.2-atk-1.0:amd64				install
gir1.2-atspi-2.0:amd64				install
gir1.2-caribou-1.0				install
gir1.2-clutter-1.0:amd64			install
gir1.2-cogl-1.0:amd64				install
gir1.2-coglpango-1.0:amd64			install
gir1.2-evince-3.0:amd64				install
gir1.2-freedesktop:amd64			install
gir1.2-gck-1:amd64				install
gir1.2-gcr-3:amd64				install
gir1.2-gdesktopenums-3.0:amd64			install
gir1.2-gdkpixbuf-2.0:amd64			install
gir1.2-gdm-1.0:amd64				install
gir1.2-geoclue-2.0:amd64			install
gir1.2-glib-2.0:amd64				install
gir1.2-gmenu-3.0:amd64				install
gir1.2-gnomebluetooth-1.0:amd64			install
gir1.2-gnomedesktop-3.0:amd64			install
gir1.2-gst-plugins-base-1.0:amd64		install
gir1.2-gstreamer-1.0:amd64			install
gir1.2-gtk-3.0:amd64				install
gir1.2-gtksource-3.0:amd64			install
gir1.2-gtksource-4:amd64			install
gir1.2-gweather-3.0:amd64			install
gir1.2-handy-0.0:amd64				install
gir1.2-ibus-1.0:amd64				install
gir1.2-javascriptcoregtk-4.0:amd64		install
gir1.2-json-1.0:amd64				install
gir1.2-mutter-5:amd64				install
gir1.2-nm-1.0:amd64				install
gir1.2-nma-1.0:amd64				install
gir1.2-notify-0.7:amd64				install
gir1.2-packagekitglib-1.0			install
gir1.2-pango-1.0:amd64				install
gir1.2-peas-1.0:amd64				install
gir1.2-polkit-1.0				install
gir1.2-rsvg-2.0:amd64				install
gir1.2-secret-1:amd64				install
gir1.2-soup-2.4:amd64				install
gir1.2-totem-1.0:amd64				install
gir1.2-totemplparser-1.0:amd64			install
gir1.2-upowerglib-1.0:amd64			install
gir1.2-vte-2.91:amd64				install
gir1.2-webkit2-4.0:amd64			install
gir1.2-wnck-3.0:amd64				install
git						install
git-man						install
gjs						install
gkbd-capplet					install
glib-networking:amd64				install
glib-networking-common				install
glib-networking-services			install
gnome-accessibility-themes			install
gnome-backgrounds				install
gnome-bluetooth					install
gnome-brave-icon-theme				install
gnome-calculator				install
gnome-characters				install
gnome-colors-common				install
gnome-contacts					install
gnome-control-center				install
gnome-control-center-data			install
gnome-desktop3-data				install
gnome-disk-utility				install
gnome-font-viewer				install
gnome-icon-theme				install
gnome-keyring					install
gnome-keyring-pkcs11:amd64			install
gnome-logs					install
gnome-menus					install
gnome-online-accounts				install
gnome-online-miners				install
gnome-orca					install
gnome-session					install
gnome-session-bin				install
gnome-session-common				install
gnome-settings-daemon				install
gnome-settings-daemon-common			install
gnome-shell					install
gnome-shell-common				install
gnome-shell-extension-dashtodock		install
gnome-shell-extension-desktop-icons		install
gnome-shell-extension-easyscreencast		install
gnome-shell-extension-proxyswitcher		install
gnome-shell-extension-workspaces-to-dock	install
gnome-shell-extensions				install
gnome-software					install
gnome-software-common				install
gnome-sushi					install
gnome-system-monitor				install
gnome-terminal					install
gnome-terminal-data				install
gnome-theme-kali				install
gnome-themes-extra:amd64			install
gnome-themes-extra-data				install
gnome-tweak-tool				install
gnome-tweaks					install
gnome-user-docs					install
gnome-user-share				install
gnupg						install
gnupg-l10n					install
gnupg-utils					install
gparted						install
gparted-common					install
gpg						install
gpg-agent					install
gpg-wks-client					install
gpg-wks-server					install
gpgconf						install
gpgsm						install
gpgv						install
gpp-decrypt					install
graphviz					install
grep						install
grilo-plugins-0.3:amd64				install
groff-base					install
grub-common					install
grub-pc						install
grub-pc-bin					install
grub2-common					install
gsettings-desktop-schemas			install
gsfonts						install
gsfonts-x11					install
gstreamer1.0-clutter-3.0:amd64			install
gstreamer1.0-gl:amd64				install
gstreamer1.0-libav:amd64			install
gstreamer1.0-packagekit				install
gstreamer1.0-plugins-bad:amd64			install
gstreamer1.0-plugins-base:amd64			install
gstreamer1.0-plugins-good:amd64			install
gstreamer1.0-plugins-ugly:amd64			install
gstreamer1.0-pulseaudio:amd64			install
gstreamer1.0-x:amd64				install
gtk-update-icon-cache				install
gtk2-engines-murrine:amd64			install
gtk2-engines-pixbuf:amd64			install
guile-2.2-libs:amd64				install
guymager					install
gvfs:amd64					install
gvfs-backends					install
gvfs-common					install
gvfs-daemons					install
gvfs-libs:amd64					install
gzip						install
hash-identifier					install
hashcat						install
hashcat-data					install
hashcat-utils					install
hashdeep					install
hashid						install
haveged						install
hdmi2usb-fx2-firmware				install
hdparm						install
hicolor-icon-theme				install
hostname					install
hotpatch					install
hping3						install
hunspell-en-us					install
hwloc						install
hydra						install
hydra-gtk					install
hyperion					install
i2c-tools					install
i965-va-driver:amd64				install
ibus						install
ibus-data					install
ibus-gtk:amd64					install
ibus-gtk3:amd64					install
ibverbs-providers:amd64				install
ieee-data					install
ifenslave					install
ifupdown					install
iio-sensor-proxy				install
ike-scan					install
im-config					install
impacket-scripts				install
inetsim						install
init						install
init-system-helpers				install
initramfs-tools					install
initramfs-tools-core				install
intel-media-va-driver:amd64			install
intel-microcode					install
iodine						install
iproute2					install
iptables					install
iputils-ping					install
ipython						install
ipython3					install
isc-dhcp-client					install
isc-dhcp-common					install
iso-codes					install
iucode-tool					install
iw						install
ixo-usb-jtag					install
jarwrapper					install
java-common					install
java-wrappers					install
javascript-common				install
john						install
john-data					install
kali-archive-keyring				install
kali-debtags					install
kali-defaults					install
kali-desktop-base				install
kali-desktop-core				install
kali-desktop-live				install
kali-grant-root					install
kali-linux-core					install
kali-linux-default				install
kali-menu					install
kali-root-login					install
kali-themes					install
kali-themes-common				install
kbd						install
keyboard-configuration				install
keyutils					install
king-phisher					install
kismet						install
kismet-capture-common				install
kismet-capture-linux-bluetooth			install
kismet-capture-linux-wifi			install
kismet-capture-nrf-mousejack			install
kismet-core					install
kismet-logtools					install
klibc-utils					install
kmod						install
krb5-locales					install
laudanum					install
lbd						install
ldap-utils					install
legion						install
less						install
lib32gcc-s1					install
lib32gcc1					install
lib32stdc++6					install
liba52-0.7.4:amd64				install
libaa1:amd64					install
libaacs0:amd64					install
libaccountsservice0:amd64			install
libacl1:amd64					install
libaec0:amd64					install
libafflib0v5					install
libaio1:amd64					install
libalgorithm-diff-perl				install
libalgorithm-diff-xs-perl			install
libalgorithm-merge-perl				install
libann0						install
libao-common					install
libao4:amd64					install
libaom0:amd64					install
libapache2-mod-dnssd				install
libapache2-mod-php				install
libapache2-mod-php7.3				install
libapparmor1:amd64				install
libappstream-glib8:amd64			install
libappstream4:amd64				install
libapr1:amd64					install
libaprutil1:amd64				install
libaprutil1-dbd-sqlite3:amd64			install
libaprutil1-ldap:amd64				install
libapt-inst2.0:amd64				install
libapt-pkg5.0:amd64				install
libarchive13:amd64				install
libargon2-1:amd64				install
libarmadillo9					install
libarpack2:amd64				install
libasan5:amd64					install
libasound2:amd64				install
libasound2-data					install
libasound2-plugins:amd64			install
libaspell15:amd64				install
libass9:amd64					install
libassuan0:amd64				install
libasyncns0:amd64				install
libatasmart4:amd64				install
libatk-adaptor:amd64				install
libatk-bridge2.0-0:amd64			install
libatk-wrapper-java				install
libatk-wrapper-java-jni:amd64			install
libatk1.0-0:amd64				install
libatk1.0-data					install
libatkmm-1.6-1v5:amd64				install
libatomic1:amd64				install
libatspi2.0-0:amd64				install
libattr1:amd64					install
libaudio2:amd64					install
libaudit-common					install
libaudit1:amd64					install
libauthen-sasl-perl				install
libavahi-client3:amd64				install
libavahi-common-data:amd64			install
libavahi-common3:amd64				install
libavahi-core7:amd64				install
libavahi-glib1:amd64				install
libavc1394-0:amd64				install
libavcodec58:amd64				install
libavfilter7:amd64				install
libavformat58:amd64				install
libavresample4:amd64				install
libavutil56:amd64				install
libayatana-appindicator3-1			install
libayatana-indicator3-7:amd64			install
libbdplus0:amd64				install
libbind9-161:amd64				install
libbinutils:amd64				install
libblas3:amd64					install
libblkid1:amd64					install
libblockdev-crypto2:amd64			install
libblockdev-fs2:amd64				install
libblockdev-loop2:amd64				install
libblockdev-part-err2:amd64			install
libblockdev-part2:amd64				install
libblockdev-swap2:amd64				install
libblockdev-utils2:amd64			install
libblockdev2:amd64				install
libblosc1					install
libbluetooth3:amd64				install
libbluray2:amd64				install
libboost-atomic1.67.0:amd64			install
libboost-chrono1.67.0:amd64			install
libboost-date-time1.67.0:amd64			install
libboost-filesystem1.67.0:amd64			install
libboost-iostreams1.67.0:amd64			install
libboost-python1.67.0				install
libboost-system1.67.0:amd64			install
libboost-thread1.67.0:amd64			install
libbpf0:amd64					install
libbrlapi0.7:amd64				install
libbrotli1:amd64				install
libbs2b0:amd64					install
libbsd0:amd64					install
libbson-1.0-0					install
libbytes-random-secure-perl			install
libbz2-1.0:amd64				install
libc-ares2:amd64				install
libc-bin					install
libc-dev-bin					install
libc-l10n					install
libc6:amd64					install
libc6-dev:amd64					install
libc6-i386					install
libcaca0:amd64					install
libcairo-gobject-perl				install
libcairo-gobject2:amd64				install
libcairo-perl					install
libcairo2:amd64					install
libcairomm-1.0-1v5:amd64			install
libcamel-1.2-62:amd64				install
libcanberra-gtk-module:amd64			install
libcanberra-gtk0:amd64				install
libcanberra-gtk3-0:amd64			install
libcanberra-gtk3-module:amd64			install
libcanberra-pulse:amd64				install
libcanberra0:amd64				install
libcap-ng0:amd64				install
libcap2:amd64					install
libcap2-bin					install
libcapstone-dev:amd64				install
libcapstone3:amd64				install
libcaribou-common				install
libcaribou0:amd64				install
libcbor0:amd64					install
libcc1-0:amd64					install
libccid						install
libcdio-cdda2:amd64				install
libcdio-paranoia2:amd64				install
libcdio18:amd64					install
libcdparanoia0:amd64				install
libcdt5:amd64					install
libcephfs2					install
libcfitsio8:amd64				install
libcgi-fast-perl				install
libcgi-pm-perl					install
libcgraph6:amd64				install
libcharls2:amd64				install
libcheese-gtk25:amd64				install
libcheese8:amd64				install
libchromaprint1:amd64				install
libclang-common-6.0-dev				install
libclang-common-8-dev				install
libclang-common-9-dev				install
libclang-cpp9					install
libclang1-6.0					install
libclang1-8					install
libcli1.10:amd64				install
libclutter-1.0-0:amd64				install
libclutter-1.0-common				install
libclutter-gst-3.0-0:amd64			install
libclutter-gtk-1.0-0:amd64			install
libcodec2-0.9:amd64				install
libcogl-common					install
libcogl-pango20:amd64				install
libcogl-path20:amd64				install
libcogl20:amd64					install
libcolord-gtk1:amd64				install
libcolord2:amd64				install
libcolorhug2:amd64				install
libcom-err2:amd64				install
libconfig-inifiles-perl				install
libconfig9:amd64				install
libcrack2:amd64					install
libcroco3:amd64					install
libcrypt-dev:amd64				install
libcrypt-random-seed-perl			install
libcrypt-ssleay-perl				install
libcrypt1:amd64					install
libcryptsetup12:amd64				install
libct4:amd64					install
libctf-nobfd0:amd64				install
libctf0:amd64					install
libcue2:amd64					install
libcups2:amd64					install
libcurl3-gnutls:amd64				install
libcurl4:amd64					install
libdaemon0:amd64				install
libdap25:amd64					install
libdapclient6v5:amd64				install
libdaq2						install
libdata-dump-perl				install
libdate-manip-perl				install
libdatrie1:amd64				install
libdb5.3:amd64					install
libdbd-mysql-perl:amd64				install
libdbi-perl:amd64				install
libdbus-1-3:amd64				install
libdbus-glib-1-2:amd64				install
libdbusmenu-glib4:amd64				install
libdbusmenu-gtk3-4:amd64			install
libdc1394-22:amd64				install
libdca0:amd64					install
libdconf1:amd64					install
libde265-0:amd64				install
libdebconfclient0:amd64				install
libdevmapper-event1.02.1:amd64			install
libdevmapper1.02.1:amd64			install
libdigest-bubblebabble-perl			install
libdigest-hmac-perl				install
libdjvulibre-text				install
libdjvulibre21:amd64				install
libdleyna-connector-dbus-1.0-1:amd64		install
libdleyna-core-1.0-5:amd64			install
libdmapsharing-3.0-2:amd64			install
libdns-export1104				install
libdns-export1109				install
libdns1109:amd64				install
libdotconf0:amd64				install
libdouble-conversion3:amd64			install
libdpkg-perl					install
libdrm-amdgpu1:amd64				install
libdrm-common					install
libdrm-intel1:amd64				install
libdrm-nouveau2:amd64				install
libdrm-radeon1:amd64				install
libdrm2:amd64					install
libdumbnet-dev					install
libdumbnet1:amd64				install
libdv4:amd64					install
libdvdnav4:amd64				install
libdvdread7:amd64				install
libdw1:amd64					install
libeatmydata1:amd64				install
libebackend-1.2-10:amd64			install
libebook-1.2-20:amd64				install
libebook-contacts-1.2-3:amd64			install
libecal-2.0-1:amd64				install
libedata-book-1.2-26:amd64			install
libedata-cal-2.0-1:amd64			install
libedataserver-1.2-24:amd64			install
libedataserverui-1.2-2:amd64			install
libedit2:amd64					install
libefiboot1:amd64				install
libefivar1:amd64				install
libegl-mesa0:amd64				install
libegl1:amd64					install
libelf1:amd64					install
libemu2						install
libenchant-2-2:amd64				install
libencode-locale-perl				install
libepoxy0:amd64					install
libepsilon1:amd64				install
liberror-perl					install
libespeak-ng1:amd64				install
libestr0:amd64					install
libevdev2:amd64					install
libevdocument3-4:amd64				install
libevent-2.1-7:amd64				install
libevent-core-2.1-7:amd64			install
libevent-openssl-2.1-7:amd64			install
libevent-pthreads-2.1-7:amd64			install
libevview3-3:amd64				install
libewf2						install
libexempi8:amd64				install
libexif12:amd64					install
libexiv2-27:amd64				install
libexpat1:amd64					install
libexpat1-dev:amd64				install
libext2fs2:amd64				install
libextutils-depends-perl			install
libextutils-pkgconfig-perl			install
libfaad2:amd64					install
libfakeroot:amd64				install
libfastjson4:amd64				install
libfbclient2:amd64				install
libfcgi-perl					install
libfdisk1:amd64					install
libffi-dev:amd64				install
libffi6:amd64					install
libffi7:amd64					install
libfftw3-double3:amd64				install
libfido2-1:amd64				install
libfile-basedir-perl				install
libfile-desktopentry-perl			install
libfile-fcntllock-perl				install
libfile-listing-perl				install
libfile-mimeinfo-perl				install
libfl-dev:amd64					install
libfl2:amd64					install
libflac8:amd64					install
libflite1:amd64					install
libflorence-1.0-1:amd64				install
libfluidsynth2:amd64				install
libfolks-eds25:amd64				install
libfolks25:amd64				install
libfont-afm-perl				install
libfontconfig1:amd64				install
libfontenc1:amd64				install
libfreerdp-client2-2:amd64			install
libfreerdp2-2:amd64				install
libfreetype6:amd64				install
libfreexl1:amd64				install
libfribidi0:amd64				install
libfstrm0:amd64					install
libfuse2:amd64					install
libfwupd2:amd64					install
libfwupdplugin1:amd64				install
libfyba0:amd64					install
libgail-common:amd64				install
libgail18:amd64					install
libgbm1:amd64					install
libgc1c2:amd64					install
libgcab-1.0-0:amd64				install
libgcc-8-dev:amd64				install
libgcc-9-dev:amd64				install
libgcc-s1:amd64					install
libgcc1						install
libgck-1-0:amd64				install
libgcr-base-3-1:amd64				install
libgcr-ui-3-1:amd64				install
libgcrypt20:amd64				install
libgd3:amd64					install
libgdal26					install
libgdata-common					install
libgdata22:amd64				install
libgdbm-compat4:amd64				install
libgdbm6:amd64					install
libgdk-pixbuf2.0-0:amd64			install
libgdk-pixbuf2.0-bin				install
libgdk-pixbuf2.0-common				install
libgdm1						install
libgee-0.8-2:amd64				install
libgeoclue-2-0:amd64				install
libgeocode-glib0:amd64				install
libgeoip1:amd64					install
libgeos-3.8.0:amd64				install
libgeos-c1v5:amd64				install
libgeotiff5:amd64				install
libgexiv2-2:amd64				install
libgfapi0:amd64					install
libgfbgraph-0.2-0:amd64				install
libgfortran5:amd64				install
libgfrpc0:amd64					install
libgfxdr0:amd64					install
libgif7:amd64					install
libgirepository-1.0-1:amd64			install
libgjs0g					install
libgl1:amd64					install
libgl1-mesa-dri:amd64				install
libglapi-mesa:amd64				install
libgles2:amd64					install
libglib-object-introspection-perl		install
libglib-perl:amd64				install
libglib2.0-0:amd64				install
libglib2.0-bin					install
libglib2.0-data					install
libglibmm-2.4-1v5:amd64				install
libglu1-mesa:amd64				install
libglusterfs0:amd64				install
libglvnd0:amd64					install
libglx-mesa0:amd64				install
libglx0:amd64					install
libgme0:amd64					install
libgmp-dev:amd64				install
libgmp10:amd64					install
libgmpxx4ldbl:amd64				install
libgnome-autoar-0-0:amd64			install
libgnome-bluetooth13:amd64			install
libgnome-desktop-3-18:amd64			install
libgnome-menu-3-0:amd64				install
libgnomekbd-common				install
libgnomekbd8:amd64				install
libgnutls-dane0:amd64				install
libgnutls30:amd64				install
libgoa-1.0-0b:amd64				install
libgoa-1.0-common				install
libgoa-backend-1.0-1:amd64			install
libgom-1.0-0:amd64				install
libgomp1:amd64					install
libgpg-error0:amd64				install
libgpgme11:amd64				install
libgphoto2-6:amd64				install
libgphoto2-l10n					install
libgphoto2-port12:amd64				install
libgpm2:amd64					install
libgraphene-1.0-0:amd64				install
libgraphite2-3:amd64				install
libgrilo-0.3-0:amd64				install
libgs9:amd64					install
libgs9-common					install
libgsasl7:amd64					install
libgsf-1-114:amd64				install
libgsf-1-common					install
libgsm1:amd64					install
libgsound0:amd64				install
libgspell-1-2:amd64				install
libgspell-1-common				install
libgssapi-krb5-2:amd64				install
libgssdp-1.2-0:amd64				install
libgssglue1:amd64				deinstall
libgstreamer-gl1.0-0:amd64			install
libgstreamer-plugins-bad1.0-0:amd64		install
libgstreamer-plugins-base1.0-0:amd64		install
libgstreamer1.0-0:amd64				install
libgtk-3-0:amd64				install
libgtk-3-bin					install
libgtk-3-common					install
libgtk2.0-0:amd64				install
libgtk2.0-bin					install
libgtk2.0-common				install
libgtk3-perl					install
libgtkmm-3.0-1v5:amd64				install
libgtksourceview-3.0-1:amd64			install
libgtksourceview-3.0-common			install
libgtksourceview-4-0:amd64			install
libgtksourceview-4-common			install
libgtksourceview2.0-0:amd64			install
libgtksourceview2.0-common			install
libgtop-2.0-11:amd64				install
libgtop2-common					install
libgts-0.7-5:amd64				install
libgts-bin					install
libgudev-1.0-0:amd64				install
libgupnp-1.2-0:amd64				install
libgupnp-av-1.0-2				install
libgupnp-dlna-2.0-3				install
libgupnp-igd-1.0-4:amd64			install
libgusb2:amd64					install
libguytools2					install
libgvc6						install
libgvpr2:amd64					install
libgweather-3-16:amd64				install
libgweather-common				install
libgxps2:amd64					install
libhandy-0.0-0:amd64				install
libharfbuzz-icu0:amd64				install
libharfbuzz0b:amd64				install
libhavege2:amd64				install
libhdf4-0-alt					install
libhdf5-103:amd64				install
libhiredis0.14:amd64				install
libhogweed4:amd64				install
libhogweed5:amd64				install
libhtml-form-perl				install
libhtml-format-perl				install
libhtml-parser-perl				install
libhtml-tagset-perl				install
libhtml-template-perl				install
libhtml-tree-perl				install
libhtp2						install
libhttp-cookies-perl				install
libhttp-daemon-perl				install
libhttp-date-perl				install
libhttp-dav-perl				install
libhttp-message-perl				install
libhttp-negotiate-perl				install
libhttp-server-simple-perl			install
libhunspell-1.7-0:amd64				install
libhwloc-plugins:amd64				install
libhwloc15:amd64				install
libhyperscan5					install
libhyphen0:amd64				install
libi2c0:amd64					install
libibus-1.0-5:amd64				install
libibverbs1:amd64				install
libical3:amd64					install
libice6:amd64					install
libicu63:amd64					install
libidn11:amd64					install
libidn2-0:amd64					install
libiec61883-0:amd64				install
libieee1284-3:amd64				install
libigdgmm11:amd64				install
libijs-0.35:amd64				install
libilmbase24:amd64				install
libimagequant0:amd64				install
libimobiledevice6:amd64				install
libinput-bin					install
libinput10:amd64				install
libio-html-perl					install
libio-multiplex-perl				install
libio-socket-inet6-perl				install
libio-socket-ssl-perl				install
libio-stringy-perl				install
libip4tc2:amd64					install
libip6tc2:amd64					install
libipc-shareable-perl				install
libipc-system-simple-perl			install
libiptc0:amd64					install
libiptcdata0					install
libirs161:amd64					install
libisc-export1100:amd64				install
libisc-export1105:amd64				install
libisc1105:amd64				install
libisccc161:amd64				install
libisccfg163:amd64				install
libisl22:amd64					install
libitm1:amd64					install
libiw30:amd64					install
libjack-jackd2-0:amd64				install
libjansson4:amd64				install
libjavascriptcoregtk-4.0-18:amd64		install
libjbig0:amd64					install
libjbig2dec0:amd64				install
libjim0.79:amd64				install
libjpeg-turbo-progs				install
libjpeg62-turbo:amd64				install
libjs-jquery					install
libjs-jquery-ui					install
libjs-skeleton					install
libjs-sphinxdoc					install
libjs-underscore				install
libjson-c4:amd64				install
libjson-glib-1.0-0:amd64			install
libjson-glib-1.0-common				install
libjsoncpp1:amd64				install
libjudydebian1					install
libk5crypto3:amd64				install
libkate1:amd64					install
libkeyutils1:amd64				install
libklibc:amd64					install
libkmlbase1:amd64				install
libkmldom1:amd64				install
libkmlengine1:amd64				install
libkmod2:amd64					install
libkpathsea6:amd64				install
libkrb5-3:amd64					install
libkrb5support0:amd64				install
libksba8:amd64					install
libkyotocabinet16v5:amd64			install
liblab-gamut1:amd64				install
liblapack3:amd64				install
liblbfgsb0:amd64				install
liblcms2-2:amd64				install
libldap-2.4-2:amd64				install
libldap-common					install
libldb2:amd64					install
liblilv-0-0:amd64				install
liblinear4:amd64				install
libllvm6.0:amd64				install
libllvm7:amd64					install
libllvm8:amd64					install
libllvm9:amd64					install
liblmdb0:amd64					install
liblocale-gettext-perl				install
liblockfile-bin					install
liblognorm5:amd64				install
liblouis-data					install
liblouis20:amd64				install
liblsan0:amd64					install
libltdl7:amd64					install
liblua5.2-0:amd64				install
liblua5.3-0:amd64				install
libluajit-5.1-2:amd64				install
libluajit-5.1-common				install
liblvm2cmd2.03:amd64				install
liblwp-mediatypes-perl				install
liblwp-protocol-https-perl			install
liblwres161:amd64				install
liblz4-1:amd64					install
liblz4-dev:amd64				install
liblzma5:amd64					install
liblzo2-2:amd64					install
libmagic-dev:amd64				install
libmagic-mgc					install
libmagic1:amd64					install
libmailtools-perl				install
libmailutils6:amd64				install
libmariadb3:amd64				install
libmath-random-isaac-perl			install
libmath-random-isaac-xs-perl			install
libmaxminddb0:amd64				install
libmbim-glib4:amd64				install
libmbim-proxy					install
libmediaart-2.0-0:amd64				install
libmemcached11:amd64				install
libmicrohttpd12					install
libminizip1:amd64				install
libmjpegutils-2.1-0:amd64			install
libmm-glib0:amd64				install
libmms0:amd64					install
libmnl0:amd64					install
libmodplug1:amd64				install
libmongoc-1.0-0					install
libmotif-common					install
libmount1:amd64					install
libmozjs-60-0:amd64				install
libmp3lame0:amd64				install
libmpc3:amd64					install
libmpcdec6:amd64				install
libmpdec2:amd64					install
libmpeg2-4:amd64				install
libmpeg2encpp-2.1-0:amd64			install
libmpfr6:amd64					install
libmpg123-0:amd64				install
libmplex2-2.1-0:amd64				install
libmpx2:amd64					install
libmtdev1:amd64					install
libmtp-common					install
libmtp-runtime					install
libmtp9:amd64					install
libmusicbrainz5-2:amd64				install
libmusicbrainz5cc2v5:amd64			install
libmutter-5-0:amd64				install
libmysofa1:amd64				install
libnautilus-extension1a:amd64			install
libncurses-dev:amd64				install
libncurses5:amd64				install
libncurses6:amd64				install
libncursesw6:amd64				install
libndp0:amd64					install
libneon27-gnutls:amd64				install
libnet-cidr-perl				install
libnet-dbus-perl				install
libnet-dns-perl					install
libnet-dns-sec-perl				install
libnet-http-perl				install
libnet-ip-perl					install
libnet-libidn-perl				install
libnet-netmask-perl				install
libnet-server-perl				install
libnet-smtp-ssl-perl				install
libnet-snmp-perl				install
libnet-ssleay-perl				install
libnet-whois-ip-perl				install
libnet1:amd64					install
libnetcdf15:amd64				install
libnetfilter-conntrack3:amd64			install
libnetfilter-log1:amd64				install
libnetfilter-queue1				install
libnettle6:amd64				install
libnettle7:amd64				install
libnewt0.52:amd64				install
libnfnetlink0:amd64				install
libnfs13:amd64					install
libnfsidmap2:amd64				install
libnftnl11:amd64				install
libnghttp2-14:amd64				install
libnginx-mod-http-auth-pam			install
libnginx-mod-http-dav-ext			install
libnginx-mod-http-echo				install
libnginx-mod-http-geoip				install
libnginx-mod-http-image-filter			install
libnginx-mod-http-subs-filter			install
libnginx-mod-http-upstream-fair			install
libnginx-mod-http-xslt-filter			install
libnginx-mod-mail				install
libnginx-mod-stream				install
libnice10:amd64					install
libnl-3-200:amd64				install
libnl-genl-3-200:amd64				install
libnl-route-3-200:amd64				install
libnm0:amd64					install
libnma0:amd64					install
libnorm1:amd64					install
libnotify4:amd64				install
libnpth0:amd64					install
libnspr4:amd64					install
libnss-mdns:amd64				install
libnss-myhostname:amd64				install
libnss-systemd:amd64				install
libnss3:amd64					install
libntfs-3g883					install
libntlm0:amd64					install
libnuma1:amd64					install
libnumber-bytes-human-perl			install
liboauth0:amd64					install
libobjc-8-dev:amd64				install
libobjc-9-dev:amd64				install
libobjc4:amd64					install
libodbc1:amd64					install
libofa0:amd64					install
libogdi4.1					install
libogg0:amd64					install
libomp-8-dev					install
libomp-dev					install
libomp5-8:amd64					install
libopenal-data					install
libopenal1:amd64				install
libopencore-amrnb0:amd64			install
libopencore-amrwb0:amd64			install
libopenexr24:amd64				install
libopenjp2-7:amd64				install
libopenmpt0:amd64				install
libopts25:amd64					install
libopus0:amd64					install
liborc-0.4-0:amd64				install
libosinfo-1.0-0:amd64				install
libout123-0:amd64				install
libp11-kit0:amd64				install
libpackagekit-glib2-18:amd64			install
libpam-gnome-keyring:amd64			install
libpam-modules:amd64				install
libpam-modules-bin				install
libpam-runtime					install
libpam-systemd:amd64				install
libpam0g:amd64					install
libpango-1.0-0:amd64				install
libpangocairo-1.0-0:amd64			install
libpangoft2-1.0-0:amd64				install
libpangomm-1.4-1v5:amd64			install
libpangoxft-1.0-0:amd64				install
libpaper-utils					install
libpaper1:amd64					install
libparted-fs-resize0:amd64			install
libparted2:amd64				install
libpathplan4:amd64				install
libpcap0.8:amd64				install
libpcap0.8-dev:amd64				install
libpcaudio0:amd64				install
libpci3:amd64					install
libpciaccess0:amd64				install
libpcre16-3:amd64				install
libpcre2-16-0:amd64				install
libpcre2-8-0:amd64				install
libpcre3:amd64					install
libpcre3-dev:amd64				install
libpcre32-3:amd64				install
libpcrecpp0v5:amd64				install
libpcsclite1:amd64				install
libpeas-1.0-0:amd64				install
libpeas-common					install
libperl4-corelibs-perl				install
libperl5.28:amd64				install
libperl5.30:amd64				install
libpfm4:amd64					install
libpgm-5.2-0:amd64				install
libphonenumber7:amd64				install
libpipeline1:amd64				install
libpipewire-0.2-1:amd64				install
libpixman-1-0:amd64				install
libpkcs11-helper1:amd64				install
libplist3:amd64					install
libplymouth4:amd64				install
libpng16-16:amd64				install
libpocl2:amd64					install
libpocl2-common					install
libpolkit-agent-1-0:amd64			install
libpolkit-gobject-1-0:amd64			install
libpoppler-glib8:amd64				install
libpoppler82:amd64				install
libpopt0:amd64					install
libportaudio2:amd64				install
libpostproc55:amd64				install
libpq5:amd64					install
libprelude28:amd64				install
libprocps7:amd64				install
libproj15:amd64					install
libprotobuf-c1:amd64				install
libprotobuf17:amd64				install
libproxy1-plugin-gsettings:amd64		install
libproxy1-plugin-networkmanager:amd64		install
libproxy1-plugin-webkit:amd64			install
libproxy1v5:amd64				install
libproxychains3:amd64				install
libpsl5:amd64					install
libpulse-mainloop-glib0:amd64			install
libpulse0:amd64					install
libpulsedsp:amd64				install
libpwquality-common				install
libpwquality1:amd64				install
libpython-dev:amd64				install
libpython-stdlib:amd64				install
libpython2-dev:amd64				install
libpython2-stdlib:amd64				install
libpython2.7:amd64				install
libpython2.7-dev:amd64				install
libpython2.7-minimal:amd64			install
libpython2.7-stdlib:amd64			install
libpython3-dev:amd64				install
libpython3-stdlib:amd64				install
libpython3.7:amd64				install
libpython3.7-dev:amd64				install
libpython3.7-minimal:amd64			install
libpython3.7-stdlib:amd64			install
libpython3.8:amd64				install
libpython3.8-minimal:amd64			install
libpython3.8-stdlib:amd64			install
libqhull7:amd64					install
libqmi-glib5:amd64				install
libqmi-proxy					install
libqscintilla2-qt5-15				install
libqscintilla2-qt5-l10n				install
libqt5charts5:amd64				install
libqt5core5a:amd64				install
libqt5dbus5:amd64				install
libqt5designer5:amd64				install
libqt5gui5:amd64				install
libqt5help5:amd64				install
libqt5multimedia5:amd64				install
libqt5multimedia5-plugins:amd64			install
libqt5multimediagsttools5:amd64			install
libqt5multimediawidgets5:amd64			install
libqt5network5:amd64				install
libqt5opengl5:amd64				install
libqt5positioning5:amd64			install
libqt5printsupport5:amd64			install
libqt5qml5:amd64				install
libqt5quick5:amd64				install
libqt5sensors5:amd64				install
libqt5sql5:amd64				install
libqt5sql5-sqlite:amd64				install
libqt5svg5:amd64				install
libqt5test5:amd64				install
libqt5webchannel5:amd64				install
libqt5webkit5:amd64				install
libqt5widgets5:amd64				install
libqt5x11extras5:amd64				install
libqt5xml5:amd64				install
libqtermwidget5-0:amd64				install
libquadmath0:amd64				install
libquvi-0.9-0.9.3:amd64				install
libquvi-scripts-0.9				install
libradare2-4.2.1:amd64				install
libradare2-common				install
libradare2-dev					install
librados2					install
libraw1394-11:amd64				install
librdmacm1:amd64				install
libre2-5:amd64					install
libreadline5:amd64				install
libreadline8:amd64				install
libregexp-ipv6-perl				install
librest-0.7-0:amd64				install
librsvg2-2:amd64				install
librsvg2-common:amd64				install
librtmp1:amd64					install
librubberband2:amd64				install
libruby2.5:amd64				install
librygel-core-2.6-2:amd64			install
librygel-db-2.6-2:amd64				install
librygel-renderer-2.6-2:amd64			install
librygel-server-2.6-2:amd64			install
libsamplerate0:amd64				install
libsane:amd64					install
libsane-common					install
libsasl2-2:amd64				install
libsasl2-modules:amd64				install
libsasl2-modules-db:amd64			install
libsbc1:amd64					install
libseccomp2:amd64				install
libsecret-1-0:amd64				install
libsecret-common				install
libselinux1:amd64				install
libsemanage-common				install
libsemanage1:amd64				install
libsensors-config				install
libsensors5:amd64				install
libsepol1:amd64					install
libserd-0-0:amd64				install
libserf-1-1:amd64				install
libshine3:amd64					install
libshout3:amd64					install
libsidplay1v5:amd64				install
libsigc++-2.0-0v5:amd64				install
libsigsegv2:amd64				install
libslang2:amd64					install
libsm6:amd64					install
libsmartcols1:amd64				install
libsmbclient:amd64				install
libsmbios-c2					install
libsmi2ldbl:amd64				install
libsnappy1v5:amd64				install
libsndfile1:amd64				install
libsndio7.0:amd64				install
libsnmp-base					install
libsnmp35:amd64					install
libsocket6-perl					install
libsodium23:amd64				install
libsonic0:amd64					install
libsord-0-0:amd64				install
libsoundtouch1:amd64				install
libsoup-gnome2.4-1:amd64			install
libsoup2.4-1:amd64				install
libsoxr0:amd64					install
libspandsp2:amd64				install
libspatialite7:amd64				install
libspectre1:amd64				install
libspeechd2:amd64				install
libspeex1:amd64					install
libspeexdsp1:amd64				install
libsqlite3-0:amd64				install
libsratom-0-0:amd64				install
libsrt1:amd64					install
libsrtp2-1:amd64				install
libss2:amd64					install
libssh-4:amd64					install
libssh-gcrypt-4:amd64				install
libssh2-1:amd64					install
libssl1.0.2:amd64				install
libssl1.1:amd64					install
libstartup-notification0:amd64			install
libstdc++-8-dev:amd64				install
libstdc++-9-dev:amd64				install
libstdc++6:amd64				install
libstemmer0d:amd64				install
libstring-random-perl				install
libsuperlu5:amd64				install
libsvn1:amd64					install
libswitch-perl					install
libswresample3:amd64				install
libswscale5:amd64				install
libsybdb5:amd64					install
libsynctex2:amd64				install
libsystemd0:amd64				install
libsz2:amd64					install
libtag1v5:amd64					install
libtag1v5-vanilla:amd64				install
libtalloc2:amd64				install
libtasn1-6:amd64				install
libtcl8.6:amd64					install
libtdb1:amd64					install
libteamdctl0:amd64				install
libterm-readkey-perl				install
libtevent0:amd64				install
libtext-charwidth-perl				install
libtext-iconv-perl				install
libtext-wrapi18n-perl				install
libthai-data					install
libthai0:amd64					install
libtheora0:amd64				install
libtie-ixhash-perl				install
libtiff5:amd64					install
libtimedate-perl				install
libtinfo-dev:amd64				install
libtinfo5:amd64					install
libtinfo6:amd64					install
libtirpc-common					install
libtirpc3:amd64					install
libtk8.6:amd64					install
libtommath1:amd64				install
libtotem-plparser-common			install
libtotem-plparser18:amd64			install
libtotem0:amd64					install
libtracker-control-2.0-0:amd64			install
libtracker-miner-2.0-0:amd64			install
libtracker-sparql-2.0-0:amd64			install
libtry-tiny-perl				install
libtsan0:amd64					install
libtsk13					install
libtss2-esys0					install
libturbojpeg0:amd64				install
libtwolame0:amd64				install
libu2f-udev					install
libubsan1:amd64					install
libuchardet0:amd64				install
libucl1:amd64					install
libudev1:amd64					install
libudisks2-0:amd64				install
libunbound8:amd64				install
libunistring2:amd64				install
libunsafessl1.0.2:amd64				install
libunwind8:amd64				install
libupower-glib3:amd64				install
liburcu6:amd64					install
liburi-perl					install
liburiparser1:amd64				install
libusb-1.0-0:amd64				install
libusbmuxd6:amd64				install
libusrsctp1:amd64				install
libutempter0:amd64				install
libutf8proc2:amd64				install
libuuid1:amd64					install
libuv1:amd64					install
libuv1-dev:amd64				install
libv4l-0:amd64					install
libv4lconvert0:amd64				install
libva-drm2:amd64				install
libva-x11-2:amd64				install
libva2:amd64					install
libvdpau-va-gl1:amd64				install
libvdpau1:amd64					install
libvidstab1.1:amd64				install
libvisual-0.4-0:amd64				install
libvo-aacenc0:amd64				install
libvo-amrwbenc0:amd64				install
libvolume-key1					install
libvorbis0a:amd64				install
libvorbisenc2:amd64				install
libvorbisfile3:amd64				install
libvpx6:amd64					install
libvte-2.91-0:amd64				install
libvte-2.91-common				install
libvulkan1:amd64				install
libwacom-bin					install
libwacom-common					install
libwacom2:amd64					install
libwavpack1:amd64				install
libwayland-client0:amd64			install
libwayland-cursor0:amd64			install
libwayland-egl1:amd64				install
libwayland-server0:amd64			install
libwbclient0:amd64				install
libwebkit2gtk-4.0-37:amd64			install
libwebp6:amd64					install
libwebpdemux2:amd64				install
libwebpmux3:amd64				install
libwebrtc-audio-processing1:amd64		install
libwildmidi2:amd64				install
libwinpr2-2:amd64				install
libwireshark-data				install
libwireshark13:amd64				install
libwiretap10:amd64				install
libwnck-3-0:amd64				install
libwnck-3-common				install
libwoff1:amd64					install
libwpe-1.0-1:amd64				install
libwpebackend-fdo-1.0-1:amd64			install
libwrap0:amd64					install
libwsutil11:amd64				install
libwww-mechanize-perl				install
libwww-perl					install
libwww-robotrules-perl				install
libx11-6:amd64					install
libx11-data					install
libx11-protocol-perl				install
libx11-xcb1:amd64				install
libx264-155:amd64				install
libx265-179:amd64				install
libx86-1:amd64					install
libxatracker2:amd64				install
libxau6:amd64					install
libxaw7:amd64					install
libxcb-dri2-0:amd64				install
libxcb-dri3-0:amd64				install
libxcb-glx0:amd64				install
libxcb-icccm4:amd64				install
libxcb-image0:amd64				install
libxcb-keysyms1:amd64				install
libxcb-present0:amd64				install
libxcb-randr0:amd64				install
libxcb-render-util0:amd64			install
libxcb-render0:amd64				install
libxcb-res0:amd64				install
libxcb-shape0:amd64				install
libxcb-shm0:amd64				install
libxcb-sync1:amd64				install
libxcb-util0:amd64				install
libxcb-xfixes0:amd64				install
libxcb-xinerama0:amd64				install
libxcb-xinput0:amd64				install
libxcb-xkb1:amd64				install
libxcb-xv0:amd64				install
libxcb1:amd64					install
libxcomposite1:amd64				install
libxcursor1:amd64				install
libxdamage1:amd64				install
libxdmcp6:amd64					install
libxerces-c3.2:amd64				install
libxext6:amd64					install
libxfce4util-bin				install
libxfce4util-common				install
libxfce4util7:amd64				install
libxfconf-0-3					install
libxfixes3:amd64				install
libxfont2:amd64					install
libxft2:amd64					install
libxi6:amd64					install
libxinerama1:amd64				install
libxkbcommon-x11-0:amd64			install
libxkbcommon0:amd64				install
libxkbfile1:amd64				install
libxklavier16:amd64				install
libxm4:amd64					install
libxml-dom-perl					install
libxml-parser-perl				install
libxml-perl					install
libxml-regexp-perl				install
libxml-twig-perl				install
libxml-writer-perl				install
libxml-xpathengine-perl				install
libxml2:amd64					install
libxml2-utils					install
libxmlb1:amd64					install
libxmu6:amd64					install
libxmuu1:amd64					install
libxnvctrl0:amd64				install
libxpm4:amd64					install
libxrandr2:amd64				install
libxrender1:amd64				install
libxres1:amd64					install
libxshmfence1:amd64				install
libxslt1.1:amd64				install
libxss1:amd64					install
libxt6:amd64					install
libxtables12:amd64				install
libxtst6:amd64					install
libxv1:amd64					install
libxvidcore4:amd64				install
libxvmc1:amd64					install
libxxf86dga1:amd64				install
libxxf86vm1:amd64				install
libxxhash0:amd64				install
libyaml-0-2:amd64				install
libyara3:amd64					install
libyelp0:amd64					install
libz3-4:amd64					install
libz3-dev:amd64					install
libzapojit-0.0-0:amd64				install
libzbar0:amd64					install
libzip-dev:amd64				install
libzip4:amd64					install
libzmq5:amd64					install
libzstd1:amd64					install
libzvbi-common					install
libzvbi0:amd64					install
linux-base					install
linux-compiler-gcc-8-x86			install
linux-compiler-gcc-9-x86			install
linux-headers-5.2.0-kali2-amd64			install
linux-headers-5.2.0-kali2-common		install
linux-headers-5.4.0-kali4-amd64			install
linux-headers-5.4.0-kali4-common		install
linux-headers-amd64				install
linux-image-5.2.0-kali2-amd64			install
linux-image-5.4.0-kali4-amd64			install
linux-image-amd64				install
linux-kbuild-5.2				install
linux-kbuild-5.4				install
linux-libc-dev:amd64				install
live-tools					deinstall
llvm-6.0					install
llvm-6.0-dev					install
llvm-6.0-runtime				install
llvm-8						install
llvm-8-dev					install
llvm-8-runtime					install
llvm-9						install
llvm-9-dev					install
llvm-9-runtime					install
llvm-9-tools					install
locales						install
locales-all					install
login						install
logrotate					install
logsave						install
lrzsz						install
lsb-base					install
lsb-release					install
lsof						install
lua-bitop:amd64					install
lua-expat:amd64					install
lua-json					install
lua-lpeg:amd64					install
lua-socket:amd64				install
luajit						install
lvm2						install
m4						install
macchanger					install
magicrescue					install
mailutils					install
mailutils-common				install
make						install
maltego						install
man-db						install
manpages					install
manpages-dev					install
mariadb-client-10.3				install
mariadb-client-core-10.3			install
mariadb-common					install
mariadb-server-10.3				install
mariadb-server-core-10.3			install
maskprocessor					install
masscan						install
mawk						install
medusa						install
mesa-va-drivers:amd64				install
mesa-vdpau-drivers:amd64			install
mesa-vulkan-drivers:amd64			install
metasploit-framework				install
mime-support					install
mimikatz					install
minicom						install
miredo						install
mitmproxy					install
mlocate						install
mobile-broadband-provider-info			install
modemmanager					install
mount						install
mousepad					install
mousetweaks					install
mpg123						install
msfpc						install
mtd-utils					install
multimac					install
mutter						install
mutter-common					install
mysql-common					install
nano						install
nasm						install
nautilus					install
nautilus-data					install
nautilus-extension-gnome-terminal		install
nbtscan						install
ncompress					install
ncrack						install
ncurses-base					install
ncurses-bin					install
ncurses-hexedit					install
ncurses-term					install
ndiff						install
net-tools					install
netbase						install
netcat-traditional				install
netdiscover					install
netmask						install
netsed						install
netsniff-ng					install
network-manager					install
network-manager-gnome				install
nfs-common					install
nginx						install
nginx-common					install
nginx-full					install
ngrep						install
nikto						install
nmap						install
nmap-common					install
node-normalize.css				install
notification-daemon				install
ntfs-3g						install
ntp						install
ocl-icd-libopencl1:amd64			install
odbcinst					install
odbcinst1debian2:amd64				install
oinkmaster					install
onesixtyone					install
openjdk-11-jre:amd64				install
openjdk-11-jre-headless:amd64			install
openjdk-8-jre:amd64				install
openjdk-8-jre-headless:amd64			install
opensc						install
opensc-pkcs11:amd64				install
openssh-client					install
openssh-server					install
openssh-sftp-server				install
openssl						install
openvpn						install
ophcrack					install
ophcrack-cli					install
orca						install
os-prober					install
osinfo-db					install
p11-kit						install
p11-kit-modules:amd64				install
p7zip						install
p7zip-full					install
packagekit					install
packagekit-tools				install
parted						install
passing-the-hash				install
passwd						install
patator						install
patch						install
pci.ids						install
pciutils					install
pcscd						install
pdf-parser					install
pdfid						install
perl						install
perl-base					install
perl-modules-5.28				install
perl-modules-5.30				install
perl-openssl-defaults:amd64			install
php						install
php-common					install
php-mysql					install
php7.3						install
php7.3-cli					install
php7.3-common					install
php7.3-json					install
php7.3-mysql					install
php7.3-opcache					install
php7.3-readline					install
pigz						install
pinentry-gnome3					install
pipal						install
pixiewps					install
pkg-config					install
plymouth					install
plymouth-label					install
pocl-opencl-icd:amd64				install
polenum						install
policykit-1					install
poppler-data					install
poppler-utils					install
postgresql					install
postgresql-11					install
postgresql-12					install
postgresql-client-11				install
postgresql-client-12				install
postgresql-client-common			install
postgresql-common				install
powermgmt-base					install
powersploit					install
ppp						install
prelude-utils					install
procps						install
proj-bin					install
proj-data					install
proxychains					install
proxytunnel					install
psmisc						install
ptunnel						install
publicsuffix					install
pulseaudio					install
pulseaudio-module-bluetooth			install
pulseaudio-utils				install
pwgen						install
pwnat						install
python						install
python-aes					install
python-apt-common				install
python-babel-localedata				install
python-backports-shutil-get-terminal-size	install
python-cairo:amd64				install
python-certifi					install
python-cffi-backend				install
python-chardet					install
python-colorama					install
python-configparser				install
python-cryptography				install
python-dbus					install
python-decorator				install
python-dev					install
python-django-common				install
python-editorconfig				install
python-enchant					install
python-enum34					install
python-future					install
python-gi					install
python-gobject					install
python-gobject-2				install
python-gtk2					install
python-gtksourceview2				install
python-idna					install
python-ipaddress				install
python-ipython					install
python-ipython-genutils				install
python-jsbeautifier				install
python-matplotlib-data				install
python-minimal					install
python-mpltoolkits.basemap-data			install
python-numpy					install
python-olefile					install
python-openssl					install
python-pastedeploy-tpl				install
python-pathlib2					install
python-peepdf					install
python-pexpect					install
python-pickleshare				install
python-pil:amd64				install
python-pil.imagetk:amd64			install
python-pip-whl					install
python-pkg-resources				install
python-prompt-toolkit				install
python-ptyprocess				install
python-pygments					install
python-pylibemu					install
python-pymssql					deinstall
python-pysqlite2				install
python-pyv8					install
python-requests					install
python-scandir					install
python-setuptools				install
python-simplegeneric				install
python-six					install
python-socks					install
python-tables-data				install
python-tk					install
python-traitlets				install
python-twisted					deinstall
python-twisted-core				deinstall
python-urllib3					install
python-wcwidth					install
python2						install
python2-dev					install
python2-minimal					install
python2.7					install
python2.7-dev					install
python2.7-minimal				install
python3						install
python3-adblockparser				install
python3-advancedhttpserver			install
python3-aiodns					install
python3-aiohttp					install
python3-aioredis				install
python3-ajpy					install
python3-alembic					install
python3-aniso8601				install
python3-apscheduler				install
python3-apt					install
python3-asn1crypto				install
python3-async-timeout				install
python3-atomicwrites				install
python3-attr					install
python3-autobahn				install
python3-automat					install
python3-babel					install
python3-backcall				install
python3-bcrypt					install
python3-binwalk					install
python3-blinker					install
python3-boltons					install
python3-bottle					install
python3-brlapi:amd64				install
python3-brotli					install
python3-bs4					install
python3-cairo:amd64				install
python3-cbor					install
python3-certifi					install
python3-cffi-backend				install
python3-chameleon				install
python3-chardet					install
python3-cherrypy3				install
python3-click					install
python3-click-plugins				install
python3-colorama				install
python3-constantly				install
python3-crypto					install
python3-cryptography				install
python3-cups					install
python3-cupshelpers				install
python3-cycler					install
python3-dateutil				install
python3-dbus					install
python3-debconf					install
python3-debian					install
python3-debianbts				install
python3-decorator				install
python3-deprecation				install
python3-dev					install
python3-dicttoxml				install
python3-distro					install
python3-distro-info				install
python3-distutils				install
python3-django					install
python3-dnslib					install
python3-dnspython				install
python3-docx					install
python3-ecdsa					install
python3-editor					install
python3-email-validator				install
python3-entrypoints				install
python3-et-xmlfile				install
python3-exif					install
python3-faraday-plugins				install
python3-feedparser				install
python3-filedepot				install
python3-filteralchemy				install
python3-flasgger				install
python3-flask					install
python3-flask-babelex				install
python3-flask-classful				install
python3-flask-kvsession				install
python3-flask-login				install
python3-flask-mail				install
python3-flask-principal				install
python3-flask-restful				install
python3-flask-restless				install
python3-flask-security				install
python3-flask-session				install
python3-flask-sqlalchemy			install
python3-flaskext.wtf				install
python3-future					install
python3-gdal					install
python3-geoip2					install
python3-geojson					install
python3-gevent					install
python3-gi					install
python3-gi-cairo				install
python3-git					install
python3-gitdb					install
python3-gpg					install
python3-graphene				install
python3-graphene-sqlalchemy			install
python3-graphql-core				install
python3-graphql-relay				install
python3-greenlet				install
python3-grequests				install
python3-gst-1.0					install
python3-h11					install
python3-h2					install
python3-hamcrest				install
python3-hiredis					install
python3-hpack					install
python3-html2text				install
python3-html5lib				install
python3-httplib2				install
python3-hupper					install
python3-hyperframe				install
python3-hyperlink				install
python3-ibus-1.0				install
python3-icalendar				install
python3-idna					install
python3-impacket				install
python3-importlib-metadata			install
python3-incremental				install
python3-ipwhois					install
python3-ipy					install
python3-ipython					install
python3-ipython-genutils			install
python3-itsdangerous				install
python3-jdcal					install
python3-jedi					install
python3-jeepney					install
python3-jinja2					install
python3-jsonschema				install
python3-jupyter-core				install
python3-kaitaistruct				install
python3-keyring					install
python3-keyrings.alt				install
python3-kismetcapturefreaklabszigbee		install
python3-kismetcapturertl433			install
python3-kismetcapturertladsb			install
python3-kismetcapturertlamr			install
python3-kiwisolver				install
python3-ldap3					install
python3-ldapdomaindump				install
python3-ldb					install
python3-lib2to3					install
python3-louis					install
python3-lxml:amd64				install
python3-lz4					install
python3-magic					install
python3-mako					install
python3-markdown				install
python3-markupsafe				install
python3-marshmallow				install
python3-marshmallow-sqlalchemy			install
python3-matplotlib				install
python3-maxminddb				install
python3-mechanize				install
python3-mimeparse				install
python3-mimerender				install
python3-minimal					install
python3-mistune					install
python3-more-itertools				install
python3-mpltoolkits.basemap			install
python3-msgpack					install
python3-multidict				install
python3-mysqldb					install
python3-nacl					install
python3-nassl					install
python3-nbformat				install
python3-netaddr					install
python3-networkx				install
python3-nplusone				install
python3-numexpr					install
python3-numpy					install
python3-olefile					install
python3-opengl					install
python3-openpyxl				install
python3-openssl					install
python3-packaging				install
python3-pampy					install
python3-pandas					install
python3-pandas-lib				install
python3-paramiko				install
python3-parso					install
python3-passlib					install
python3-paste					install
python3-pastedeploy				install
python3-pastescript				install
python3-pcapfile				install
python3-pefile					install
python3-pexpect					install
python3-phonenumbers				install
python3-pickleshare				install
python3-pil:amd64				install
python3-pip					install
python3-pkg-resources				install
python3-plaster					install
python3-plaster-pastedeploy			install
python3-plotly					install
python3-pluggy					install
python3-pluginbase				install
python3-ply					install
python3-png					install
python3-pptx					install
python3-prettytable				install
python3-promise					install
python3-prompt-toolkit				install
python3-protobuf				install
python3-psycopg2				install
python3-ptyprocess				install
python3-py					install
python3-pyasn1					install
python3-pyasn1-modules				install
python3-pyatspi					install
python3-pycares					install
python3-pycryptodome				install
python3-pycurl					install
python3-pydot					install
python3-pyexploitdb				install
python3-pyfiglet				install
python3-pygments				install
python3-pyinotify				install
python3-pymssql					install
python3-pyotp					install
python3-pyparsing				install
python3-pypdf2					install
python3-pyperclip				install
python3-pyproj					install
python3-pyqrcode				install
python3-pyqt5					install
python3-pyqt5.qtopengl				install
python3-pyqtgraph				install
python3-pyramid					install
python3-pyshodan				install
python3-pyshp					install
python3-pysimplesoap				install
python3-pysmi					install
python3-pysnmp4					install
python3-pytest					install
python3-qrcode					install
python3-quamash					install
python3-redis					install
python3-reportbug				install
python3-repoze.lru				install
python3-requests				install
python3-requests-file				install
python3-retrying				install
python3-routes					install
python3-rq					install
python3-ruamel.yaml				install
python3-rule-engine				install
python3-rx					install
python3-samba					install
python3-scapy					install
python3-scipy					install
python3-secretstorage				install
python3-secure					install
python3-selenium				install
python3-serial					install
python3-service-identity			install
python3-setuptools				install
python3-shodan					install
python3-simplejson				install
python3-simplekv				install
python3-singledispatch				install
python3-sip					install
python3-six					install
python3-smbc					install
python3-smmap					install
python3-smoke-zephyr				install
python3-snappy					install
python3-socks					install
python3-software-properties			install
python3-sortedcontainers			install
python3-soupsieve				install
python3-speaklater				install
python3-speechd					install
python3-sqlalchemy				install
python3-sqlalchemy-ext				install
python3-sqlalchemy-schemadisplay		install
python3-sqlparse				install
python3-stem					install
python3-syslog-rfc5424-formatter		install
python3-tables					install
python3-tables-lib				install
python3-talloc:amd64				install
python3-tdb					install
python3-tempita					install
python3-termcolor				install
python3-texttable				install
python3-tk:amd64				install
python3-tld					install
python3-tls-parser				install
python3-tornado					install
python3-tqdm					install
python3-traitlets				install
python3-translationstring			install
python3-trie					install
python3-twisted					install
python3-twisted-bin:amd64			install
python3-txaio					install
python3-tz					install
python3-tzlocal					install
python3-u-msgpack				install
python3-ubjson					install
python3-unicodecsv				install
python3-unidecode				install
python3-urllib3					install
python3-urwid					install
python3-venusian				install
python3-waitress				install
python3-wcwidth					install
python3-webargs					install
python3-webencodings				install
python3-webob					install
python3-websocket				install
python3-webtest					install
python3-werkzeug				install
python3-wheel					install
python3-whois					install
python3-wsaccel					install
python3-wsproto					install
python3-wtforms					install
python3-xdg					install
python3-xlrd					install
python3-xlsxwriter				install
python3-xlwt					install
python3-yaml					install
python3-yara					install
python3-yarl					install
python3-yaswfp					install
python3-zipp					install
python3-zope.component				install
python3-zope.deprecation			install
python3-zope.event				install
python3-zope.hookable				install
python3-zope.interface				install
python3.7					install
python3.7-dev					install
python3.7-minimal				install
python3.8					install
python3.8-minimal				install
qsslcaudit					install
qt5-gtk-platformtheme:amd64			install
qterminal					install
qterminal-l10n					install
qtermwidget5-data				install
qttranslations5-l10n				install
radare2						install
rake						install
rdesktop					install
read-edid					install
readline-common					install
realmd						install
reaver						install
rebind						install
recon-ng					install
recordmydesktop					install
redsocks					install
reportbug					install
responder					install
rfkill						install
rlinetd						install
rpcbind						install
rsmangler					install
rsync						install
rsyslog						install
rtkit						install
ruby						install
ruby-activesupport				install
ruby-addressable				install
ruby-atomic					install
ruby-bundler					install
ruby-cms-scanner				install
ruby-concurrent					install
ruby-dev:amd64					install
ruby-did-you-mean				install
ruby-ethon					install
ruby-ffi					install
ruby-get-process-mem				install
ruby-i18n					install
ruby-ipaddress					install
ruby-json					install
ruby-mime					install
ruby-mime-types					install
ruby-mime-types-data				install
ruby-mini-exiftool				install
ruby-minitest					install
ruby-molinillo					install
ruby-net-http-digest-auth			install
ruby-net-http-persistent			install
ruby-net-telnet					install
ruby-nokogiri					install
ruby-opt-parse-validator			install
ruby-pkg-config					install
ruby-power-assert				install
ruby-progressbar				install
ruby-public-suffix				install
ruby-rchardet					install
ruby-snmp					install
ruby-spider					install
ruby-test-unit					install
ruby-thor					install
ruby-thread-safe				install
ruby-typhoeus					install
ruby-tzinfo					install
ruby-xmlrpc					install
ruby-yajl					install
ruby-zip					install
ruby2.5						install
ruby2.5-dev:amd64				install
ruby2.5-doc					install
rubygems-integration				install
runit-helper					install
rwho						install
rwhod						install
rygel						install
sakis3g						install
samba						install
samba-common					install
samba-common-bin				install
samba-dsdb-modules:amd64			install
samba-libs:amd64				install
samba-vfs-modules:amd64				install
samdump2					install
sane-utils					install
sbd						install
scalpel						install
screen						install
scrounge-ntfs					install
sed						install
sendemail					install
sensible-utils					install
set						install
shared-mime-info				install
skipfish					install
sleuthkit					install
smartmontools					install
smbclient					install
smbmap						install
snmp						install
snmpcheck					install
snmpd						install
snort						deinstall
snort-common					install
snort-common-libraries				install
snort-rules-default				install
sntp						install
socat						install
software-properties-common			install
software-properties-gtk				install
sound-icons					install
sound-theme-freedesktop				install
sparta						deinstall
sparta-scripts					install
speech-dispatcher				install
speech-dispatcher-audio-plugins:amd64		install
speech-dispatcher-espeak-ng			install
spiderfoot					install
spike						install
spooftooph					install
sqlite3						install
sqlitebrowser					install
sqlmap						install
sqsh						install
squashfs-tools					install
ssl-cert					install
ssldump						install
sslh						install
sslscan						install
sslsplit					install
sslyze						install
statsprocessor					install
stunnel4					install
subversion					install
sudo						install
suricata					install
suricata-update					install
swaks						install
switcheroo-control				install
sysstat						install
system-config-printer				install
system-config-printer-common			install
system-config-printer-udev			install
systemd						install
systemd-sysv					install
sysvinit-utils					install
tar						install
tasksel						install
tasksel-data					install
tcl-expect:amd64				install
tcl8.6						install
tcpdump						install
tcpick						install
tcpreplay					install
tdb-tools					install
telnet						install
testdisk					install
tftp						install
thc-ipv6					install
thc-pptp-bruter					install
theharvester					install
thin-provisioning-tools				install
tightvncserver					install
timgm6mb-soundfont				install
tk8.6-blt2.5					install
tmux						install
toilet-fonts					install
totem						install
totem-common					install
totem-plugins					install
tpm-udev					install
tpm2-abrmd					deinstall
traceroute					install
tracker						install
tracker-extract					install
tracker-miner-fs				install
tshark						install
ttf-bitstream-vera				install
tzdata						install
ucf						install
udev						install
udisks2						install
udptunnel					install
unattended-upgrades				install
unicorn-magic					install
unix-privesc-check				install
unrar						install
unzip						install
update-inetd					install
upower						install
upx-ucl						install
usb-modeswitch					install
usb-modeswitch-data				install
usb.ids						install
usbmuxd						install
usbutils					install
user-setup					deinstall
util-linux					install
uuid-runtime					install
va-driver-all:amd64				install
vboot-kernel-utils				install
vboot-utils					install
vdpau-driver-all:amd64				install
vim						install
vim-common					install
vim-runtime					install
vim-tiny					install
vlan						install
voiphopper					install
vpnc						install
vpnc-scripts					install
wafw00f						install
wamerican					install
wapiti						install
wce						install
webshells					install
weevely						install
wfuzz						install
wget						install
whatweb						install
whiptail					install
whois						install
wifite						install
windows-binaries				install
winexe						install
wireless-regdb					install
wireless-tools					install
wireshark					install
wireshark-common				install
wireshark-qt					install
wordlists					install
wpasupplicant					install
wpscan						install
x11-apps					install
x11-common					install
x11-utils					install
x11-xkb-utils					install
x11-xserver-utils				install
xauth						install
xbitmaps					install
xbrlapi						install
xdg-dbus-proxy					install
xdg-desktop-portal				install
xdg-user-dirs					install
xdg-utils					install
xfconf						install
xfonts-base					install
xfonts-encodings				install
xfonts-utils					install
xkb-data					install
xpdf						install
xserver-common					install
xserver-xephyr					install
xserver-xorg					install
xserver-xorg-core				install
xserver-xorg-input-all				install
xserver-xorg-input-libinput			install
xserver-xorg-input-wacom			install
xserver-xorg-legacy				install
xserver-xorg-video-all				install
xserver-xorg-video-amdgpu			install
xserver-xorg-video-ati				install
xserver-xorg-video-fbdev			install
xserver-xorg-video-intel			install
xserver-xorg-video-nouveau			install
xserver-xorg-video-qxl				install
xserver-xorg-video-radeon			install
xserver-xorg-video-vesa				install
xserver-xorg-video-vmware			install
xsltproc					install
xterm						install
xtightvncviewer					install
xvfb						install
xwayland					install
xxd						install
xz-utils					install
yelp						install
yelp-xsl					install
zeek-lts					install
zeek-lts-core					install
zeekctl-lts					install
zenity						install
zenity-common					install
zenmap						install
zerofree					install
zip						install
zlib1g:amd64					install
zlib1g-dev:amd64				install
zsh						install
zsh-common					install
＜----------------------------------------------------------------＞
services information:
 [ - ]  apache-htcacheclean
 [ - ]  apache2
 [ - ]  apparmor
 [ - ]  atftpd
 [ - ]  avahi-daemon
 [ + ]  binfmt-support
 [ - ]  bluetooth
 [ - ]  console-setup.sh
 [ + ]  cron
 [ - ]  cryptdisks
 [ - ]  cryptdisks-early
 [ + ]  dbus
 [ - ]  dns2tcp
 [ - ]  exim4
 [ + ]  gdm3
 [ + ]  haveged
 [ - ]  hwclock.sh
 [ - ]  inetsim
 [ - ]  iodined
 [ - ]  keyboard-setup.sh
 [ + ]  kmod
 [ - ]  live-tools
 [ - ]  lvm2
 [ - ]  lvm2-lvmpolld
 [ - ]  miredo
 [ - ]  mysql
 [ + ]  network-manager
 [ + ]  networking
 [ - ]  nfs-common
 [ - ]  nginx
 [ - ]  nmbd
 [ - ]  ntp
 [ - ]  openvpn
 [ - ]  pcscd
 [ - ]  plymouth
 [ - ]  plymouth-log
 [ - ]  postgresql
 [ - ]  pppd-dns
 [ + ]  procps
 [ - ]  ptunnel
 [ - ]  pulseaudio-enable-autospawn
 [ - ]  redsocks
 [ - ]  rlinetd
 [ - ]  rpcbind
 [ - ]  rsync
 [ + ]  rsyslog
 [ - ]  rwhod
 [ - ]  samba-ad-dc
 [ - ]  saned
 [ - ]  screen-cleanup
 [ + ]  smartmontools
 [ - ]  smbd
 [ - ]  snmpd
 [ - ]  snort
 [ - ]  speech-dispatcher
 [ - ]  ssh
 [ - ]  sslh
 [ + ]  stunnel4
 [ - ]  sudo
 [ - ]  suricata
 [ - ]  sysstat
 [ - ]  tpm2-abrmd
 [ + ]  udev
 [ - ]  unattended-upgrades
 [ - ]  uuidd
 [ + ]  vmware-tools
 [ - ]  x11-common
＜----------------------------------------------------------------＞
drives information:
Module                  Size  Used by
nls_utf8               16384  1
isofs                  49152  1
udf                   131072  0
crc_itu_t              16384  1 udf
vmw_vsock_vmci_transport    32768  2
vsock                  40960  3 vmw_vsock_vmci_transport
fuse                  139264  4
btusb                  57344  0
btrtl                  24576  1 btusb
btbcm                  16384  1 btusb
btintel                28672  1 btusb
bluetooth             663552  5 btrtl,btintel,btbcm,btusb
drbg                   28672  1
ansi_cprng             16384  0
ecdh_generic           16384  1 bluetooth
ecc                    32768  1 ecdh_generic
rfkill                 28672  5 bluetooth
intel_rapl_msr         20480  0
ppdev                  24576  0
intel_rapl_common      28672  1 intel_rapl_msr
vmw_balloon            24576  0
intel_rapl_perf        16384  0
joydev                 28672  0
serio_raw              20480  0
pcspkr                 16384  0
snd_ens1371            32768  4
sg                     40960  0
snd_ac97_codec        151552  1 snd_ens1371
ac97_bus               16384  1 snd_ac97_codec
gameport               16384  1 snd_ens1371
snd_rawmidi            45056  1 snd_ens1371
snd_seq_device         16384  1 snd_rawmidi
snd_pcm               118784  2 snd_ac97_codec,snd_ens1371
snd_timer              40960  1 snd_pcm
snd                    98304  14 snd_seq_device,snd_timer,snd_ac97_codec,snd_pcm,snd_rawmidi,snd_ens1371
soundcore              16384  1 snd
vmw_vmci               81920  2 vmw_balloon,vmw_vsock_vmci_transport
parport_pc             28672  0
parport                61440  2 parport_pc,ppdev
evdev                  28672  10
ac                     16384  0
binfmt_misc            24576  1
sunrpc                466944  1
ip_tables              32768  0
x_tables               49152  1 ip_tables
autofs4                53248  2
ext4                  761856  1
crc16                  16384  2 bluetooth,ext4
mbcache                16384  1 ext4
jbd2                  131072  1 ext4
crc32c_generic         16384  0
sd_mod                 57344  3
sr_mod                 28672  1
cdrom                  73728  1 sr_mod
ata_generic            16384  0
crct10dif_pclmul       16384  1
crc32_pclmul           16384  0
crc32c_intel           24576  2
ghash_clmulni_intel    16384  0
aesni_intel           372736  0
crypto_simd            16384  1 aesni_intel
vmwgfx                352256  4
mptspi                 28672  2
ttm                   122880  1 vmwgfx
ata_piix               36864  1
cryptd                 24576  2 crypto_simd,ghash_clmulni_intel
glue_helper            16384  1 aesni_intel
psmouse               180224  0
uhci_hcd               53248  0
drm_kms_helper        212992  1 vmwgfx
mptscsih               32768  1 mptspi
mptbase                77824  2 mptspi,mptscsih
ehci_pci               20480  0
scsi_transport_spi     40960  1 mptspi
ehci_hcd               98304  1 ehci_pci
libata                278528  2 ata_piix,ata_generic
usbcore               307200  4 ehci_pci,ehci_hcd,btusb,uhci_hcd
usb_common             16384  3 usbcore,ehci_hcd,uhci_hcd
i2c_piix4              28672  0
e1000                 155648  0
drm                   548864  7 vmwgfx,drm_kms_helper,ttm
scsi_mod              249856  7 mptspi,sd_mod,scsi_transport_spi,mptscsih,libata,sg,sr_mod
floppy                 86016  0
button                 20480  0
＜----------------------------------------------------------------＞
NIC information:
eth0: flags=4163<UP,BROADCAST,RUNNING,MULTICAST>  mtu 1500
        inet 192.168.0.107  netmask 255.255.255.0  broadcast 192.168.0.255
        inet6 fe80::20c:29ff:feca:bdee  prefixlen 64  scopeid 0x20<link>
        ether 00:0c:29:ca:bd:ee  txqueuelen 1000  (Ethernet)
        RX packets 8248  bytes 748039 (730.5 KiB)
        RX errors 0  dropped 0  overruns 0  frame 0
        TX packets 2315  bytes 202644 (197.8 KiB)
        TX errors 0  dropped 0 overruns 0  carrier 0  collisions 0

lo: flags=73<UP,LOOPBACK,RUNNING>  mtu 65536
        inet 127.0.0.1  netmask 255.0.0.0
        inet6 ::1  prefixlen 128  scopeid 0x10<host>
        loop  txqueuelen 1000  (Local Loopback)
        RX packets 60  bytes 3436 (3.3 KiB)
        RX errors 0  dropped 0  overruns 0  frame 0
        TX packets 60  bytes 3436 (3.3 KiB)
        TX errors 0  dropped 0 overruns 0  carrier 0  collisions 0

＜----------------------------------------------------------------＞
route information:
Kernel IP routing table
Destination     Gateway         Genmask         Flags   MSS Window  irtt Iface
0.0.0.0         192.168.0.1     0.0.0.0         UG        0 0          0 eth0
192.168.0.0     0.0.0.0         255.255.255.0   U         0 0          0 eth0
＜----------------------------------------------------------------＞
connection information
Active Internet connections (servers and established)
Proto Recv-Q Send-Q Local Address           Foreign Address         State       PID/Program name    
tcp        0      0 0.0.0.0:111             0.0.0.0:*               LISTEN      1/init              
tcp6       0      0 :::111                  :::*                    LISTEN      1/init              
udp        0      0 192.168.0.107:68        192.168.0.1:67          ESTABLISHED 581/NetworkManager  
udp        0      0 0.0.0.0:111             0.0.0.0:*                           1/init              
udp6       0      0 :::111                  :::*                                1/init              
raw6       0      0 :::58                   :::*                    7           581/NetworkManager  
Active UNIX domain sockets (servers and established)
Proto RefCnt Flags       Type       State         I-Node   PID/Program name     Path
unix  2      [ ACC ]     STREAM     LISTENING     26499    1631/gnome-session-  @/tmp/.ICE-unix/1631
unix  17     [ ]         DGRAM                    13830    1/init               /run/systemd/journal/dev-log
unix  2      [ ACC ]     STREAM     LISTENING     25095    1342/systemd         /run/user/0/bus
unix  2      [ ACC ]     STREAM     LISTENING     25097    1342/systemd         /run/user/0/gnupg/S.dirmngr
unix  2      [ ACC ]     STREAM     LISTENING     13834    1/init               /run/systemd/journal/stdout
unix  2      [ ACC ]     STREAM     LISTENING     25099    1342/systemd         /run/user/0/gnupg/S.gpg-agent.browser
unix  2      [ ACC ]     STREAM     LISTENING     25101    1342/systemd         /run/user/0/gnupg/S.gpg-agent.extra
unix  8      [ ]         DGRAM                    13837    1/init               /run/systemd/journal/socket
unix  2      [ ACC ]     STREAM     LISTENING     25103    1342/systemd         /run/user/0/gnupg/S.gpg-agent.ssh
unix  2      [ ACC ]     SEQPACKET  LISTENING     13840    1/init               /run/udev/control
unix  2      [ ACC ]     STREAM     LISTENING     25105    1342/systemd         /run/user/0/gnupg/S.gpg-agent
unix  2      [ ACC ]     STREAM     LISTENING     25107    1342/systemd         /run/user/0/pk-debconf-socket
unix  2      [ ACC ]     STREAM     LISTENING     25109    1342/systemd         /run/user/0/pulse/native
unix  2      [ ACC ]     STREAM     LISTENING     22090    1054/gnome-session-  @/tmp/.ICE-unix/1054
unix  2      [ ACC ]     STREAM     LISTENING     20643    902/Xorg             @/tmp/.X11-unix/X0
unix  2      [ ACC ]     STREAM     LISTENING     25132    1371/Xorg            @/tmp/.X11-unix/X1
unix  2      [ ACC ]     STREAM     LISTENING     19235    1048/ssh-agent       /run/user/133/openssh_agent
unix  2      [ ACC ]     STREAM     LISTENING     25125    1365/gnome-keyring-  /run/user/0/keyring/control
unix  2      [ ACC ]     STREAM     LISTENING     14648    385/systemd-journal  /run/systemd/journal/io.systemd.journal
unix  2      [ ACC ]     STREAM     LISTENING     23138    619/gdm3             @/tmp/dbus-dYpeihBN
unix  2      [ ACC ]     STREAM     LISTENING     56555    1792/gvfsd-trash     @/dbus-vfs-daemon/socket-yBEqmHU2
unix  2      [ ACC ]     STREAM     LISTENING     19672    619/gdm3             @/tmp/dbus-V2vpSqks
unix  2      [ ACC ]     STREAM     LISTENING     19671    619/gdm3             @/tmp/dbus-3RXmplGi
unix  2      [ ACC ]     STREAM     LISTENING     23139    619/gdm3             @/tmp/dbus-vNtgbtDH
unix  2      [ ACC ]     STREAM     LISTENING     19675    619/gdm3             @/tmp/dbus-3FllGywW
unix  2      [ ACC ]     STREAM     LISTENING     23583    1192/ibus-daemon     @/var/lib/gdm3/.cache/ibus/dbus-ThDMrjUE
unix  2      [ ]         DGRAM                    20601    849/systemd          /run/user/133/systemd/notify
unix  2      [ ACC ]     STREAM     LISTENING     19674    619/gdm3             @/tmp/dbus-WvXPWldV
unix  2      [ ACC ]     STREAM     LISTENING     20605    849/systemd          /run/user/133/systemd/private
unix  2      [ ACC ]     STREAM     LISTENING     23292    1549/dbus-daemon     @/tmp/dbus-OhbEIlVBPz
unix  2      [ ACC ]     STREAM     LISTENING     21888    956/VGAuthService    /var/run/vmware/guestServicePipe
unix  2      [ ACC ]     STREAM     LISTENING     20644    902/Xorg             /tmp/.X11-unix/X0
unix  2      [ ACC ]     STREAM     LISTENING     22091    1054/gnome-session-  /tmp/.ICE-unix/1054
unix  2      [ ACC ]     STREAM     LISTENING     25133    1371/Xorg            /tmp/.X11-unix/X1
unix  2      [ ACC ]     STREAM     LISTENING     24443    1474/ssh-agent       /tmp/ssh-ulzJ6aiF9cZr/agent.1388
unix  2      [ ACC ]     STREAM     LISTENING     26500    1631/gnome-session-  /tmp/.ICE-unix/1631
unix  2      [ ACC ]     STREAM     LISTENING     26548    1365/gnome-keyring-  /run/user/0/keyring/ssh
unix  2      [ ACC ]     STREAM     LISTENING     16563    1/init               /run/dbus/system_bus_socket
unix  2      [ ACC ]     STREAM     LISTENING     26551    1365/gnome-keyring-  /run/user/0/keyring/pkcs11
unix  2      [ ACC ]     STREAM     LISTENING     47118    1792/gvfsd-trash     @/dbus-vfs-daemon/socket-8ZSnchoH
unix  2      [ ACC ]     STREAM     LISTENING     16567    1/init               /run/pcscd/pcscd.comm
unix  2      [ ACC ]     STREAM     LISTENING     16571    1/init               /run/uuidd/request
unix  2      [ ACC ]     STREAM     LISTENING     21898    1025/dbus-daemon     @/tmp/dbus-wmWB6UiNVk
unix  2      [ ACC ]     STREAM     LISTENING     17357    849/systemd          /run/user/133/bus
unix  2      [ ACC ]     STREAM     LISTENING     17359    849/systemd          /run/user/133/gnupg/S.dirmngr
unix  2      [ ACC ]     STREAM     LISTENING     28859    1803/ibus-daemon     @/root/.cache/ibus/dbus-XX4ft6lS
unix  2      [ ACC ]     STREAM     LISTENING     17361    849/systemd          /run/user/133/gnupg/S.gpg-agent.browser
unix  2      [ ACC ]     STREAM     LISTENING     17363    849/systemd          /run/user/133/gnupg/S.gpg-agent.extra
unix  2      [ ACC ]     STREAM     LISTENING     17365    849/systemd          /run/user/133/gnupg/S.gpg-agent.ssh
unix  2      [ ACC ]     STREAM     LISTENING     17367    849/systemd          /run/user/133/gnupg/S.gpg-agent
unix  2      [ ACC ]     STREAM     LISTENING     17369    849/systemd          /run/user/133/pk-debconf-socket
unix  3      [ ]         DGRAM                    13786    1/init               /run/systemd/notify
unix  2      [ ACC ]     STREAM     LISTENING     17371    849/systemd          /run/user/133/pulse/native
unix  2      [ ACC ]     STREAM     LISTENING     13790    1/init               /run/systemd/private
unix  2      [ ACC ]     STREAM     LISTENING     13805    1/init               /run/lvm/lvmpolld.socket
unix  2      [ ACC ]     STREAM     LISTENING     13809    1/init               /run/rpcbind.sock
unix  2      [ ]         DGRAM                    23034    1342/systemd         /run/user/0/systemd/notify
unix  2      [ ]         DGRAM                    13818    1/init               /run/systemd/journal/syslog
unix  2      [ ACC ]     STREAM     LISTENING     23038    1342/systemd         /run/user/0/systemd/private
unix  2      [ ACC ]     STREAM     LISTENING     13822    1/init               /run/systemd/fsck.progress
unix  3      [ ]         STREAM     CONNECTED     30194    1909/vmtoolsd        
unix  3      [ ]         STREAM     CONNECTED     26783    1371/Xorg            @/tmp/.X11-unix/X1
unix  3      [ ]         STREAM     CONNECTED     19287    902/Xorg             @/tmp/.X11-unix/X0
unix  3      [ ]         STREAM     CONNECTED     19968    1002/dbus-daemon     
unix  2      [ ]         DGRAM                    30291    1849/gsd-color       
unix  3      [ ]         STREAM     CONNECTED     28426    1860/gsd-rfkill      
unix  3      [ ]         STREAM     CONNECTED     21890    1020/at-spi-bus-lau  
unix  3      [ ]         STREAM     CONNECTED     19620    578/dbus-daemon      /run/dbus/system_bus_socket
unix  3      [ ]         STREAM     CONNECTED     53932    578/dbus-daemon      /run/dbus/system_bus_socket
unix  3      [ ]         STREAM     CONNECTED     28566    1941/gsd-printer     
unix  3      [ ]         STREAM     CONNECTED     28561    1856/gsd-power       
unix  2      [ ]         DGRAM                    18962    850/(sd-pam)         
unix  3      [ ]         STREAM     CONNECTED     57396    1674/gnome-shell     
unix  3      [ ]         STREAM     CONNECTED     26262    1384/dbus-daemon     /run/user/0/bus
unix  3      [ ]         STREAM     CONNECTED     19194    1002/dbus-daemon     /run/user/133/bus
unix  3      [ ]         STREAM     CONNECTED     15387    402/systemd-udevd    
unix  3      [ ]         STREAM     CONNECTED     30085    1880/gsd-disk-utili  
unix  3      [ ]         STREAM     CONNECTED     27785    1674/gnome-shell     
unix  3      [ ]         STREAM     CONNECTED     19277    1002/dbus-daemon     /run/user/133/bus
unix  3      [ ]         STREAM     CONNECTED     19250    1002/dbus-daemon     /run/user/133/bus
unix  3      [ ]         STREAM     CONNECTED     28541    578/dbus-daemon      /run/dbus/system_bus_socket
unix  3      [ ]         STREAM     CONNECTED     21887    1020/at-spi-bus-lau  
unix  3      [ ]         STREAM     CONNECTED     21794    995/rtkit-daemon     
unix  3      [ ]         STREAM     CONNECTED     29252    1549/dbus-daemon     @/tmp/dbus-OhbEIlVBPz
unix  3      [ ]         STREAM     CONNECTED     15100    1/init               /run/systemd/journal/stdout
unix  3      [ ]         STREAM     CONNECTED     29814    1803/ibus-daemon     @/root/.cache/ibus/dbus-XX4ft6lS
unix  3      [ ]         STREAM     CONNECTED     26261    1388/gnome-session-  
unix  3      [ ]         STREAM     CONNECTED     20157    1075/upowerd         
unix  3      [ ]         STREAM     CONNECTED     55772    3214/fwupd           
unix  3      [ ]         STREAM     CONNECTED     29976    1866/evolution-alar  
unix  3      [ ]         STREAM     CONNECTED     25606    1236/gsd-media-keys  
unix  3      [ ]         STREAM     CONNECTED     21320    578/dbus-daemon      /run/dbus/system_bus_socket
unix  3      [ ]         STREAM     CONNECTED     15203    576/accounts-daemon  
unix  3      [ ]         STREAM     CONNECTED     28559    1855/gsd-media-keys  
unix  3      [ ]         STREAM     CONNECTED     18751    662/systemd-logind   
unix  3      [ ]         STREAM     CONNECTED     16652    576/accounts-daemon  
unix  3      [ ]         STREAM     CONNECTED     28565    578/dbus-daemon      /run/dbus/system_bus_socket
unix  3      [ ]         STREAM     CONNECTED     22139    578/dbus-daemon      /run/dbus/system_bus_socket
unix  3      [ ]         STREAM     CONNECTED     26778    1674/gnome-shell     
unix  3      [ ]         STREAM     CONNECTED     16061    606/ModemManager     
unix  3      [ ]         STREAM     CONNECTED     29977    1/init               /run/systemd/journal/stdout
unix  3      [ ]         STREAM     CONNECTED     25655    578/dbus-daemon      /run/dbus/system_bus_socket
unix  3      [ ]         STREAM     CONNECTED     20617    1/init               /run/systemd/journal/stdout
unix  3      [ ]         STREAM     CONNECTED     30255    1371/Xorg            @/tmp/.X11-unix/X1
unix  3      [ ]         STREAM     CONNECTED     16717    581/NetworkManager   
unix  3      [ ]         STREAM     CONNECTED     19257    1054/gnome-session-  
unix  3      [ ]         STREAM     CONNECTED     30209    1803/ibus-daemon     @/root/.cache/ibus/dbus-XX4ft6lS
unix  2      [ ]         DGRAM                    26828    1674/gnome-shell     
unix  3      [ ]         STREAM     CONNECTED     22984    1342/systemd         
unix  2      [ ]         DGRAM                    22503    1188/wpa_supplicant  
unix  3      [ ]         STREAM     CONNECTED     28536    578/dbus-daemon      /run/dbus/system_bus_socket
unix  3      [ ]         STREAM     CONNECTED     22609    902/Xorg             @/tmp/.X11-unix/X0
unix  3      [ ]         STREAM     CONNECTED     19958    1002/dbus-daemon     
unix  3      [ ]         STREAM     CONNECTED     29240    1854/gsd-keyboard    
unix  3      [ ]         STREAM     CONNECTED     25341    1/init               /run/systemd/journal/stdout
unix  3      [ ]         STREAM     CONNECTED     28538    578/dbus-daemon      /run/dbus/system_bus_socket
unix  3      [ ]         STREAM     CONNECTED     20553    1/init               /run/systemd/journal/stdout
unix  3      [ ]         STREAM     CONNECTED     30264    1384/dbus-daemon     /run/user/0/bus
unix  3      [ ]         STREAM     CONNECTED     29835    1631/gnome-session-  @/tmp/.ICE-unix/1631
unix  3      [ ]         STREAM     CONNECTED     26743    1371/Xorg            @/tmp/.X11-unix/X1
unix  3      [ ]         STREAM     CONNECTED     21908    1004/gnome-session-  
unix  3      [ ]         STREAM     CONNECTED     53283    1/init               /run/systemd/journal/stdout
unix  3      [ ]         STREAM     CONNECTED     30197    1909/vmtoolsd        
unix  3      [ ]         STREAM     CONNECTED     27697    1/init               /run/systemd/journal/stdout
unix  3      [ ]         STREAM     CONNECTED     19286    1079/gnome-shell     
unix  3      [ ]         STREAM     CONNECTED     20051    1051/tracker-miner-  
unix  3      [ ]         STREAM     CONNECTED     28537    578/dbus-daemon      /run/dbus/system_bus_socket
unix  3      [ ]         STREAM     CONNECTED     27787    1650/gvfs-udisks2-v  
unix  3      [ ]         STREAM     CONNECTED     21232    1/init               /run/systemd/journal/stdout
unix  2      [ ]         DGRAM                    18745    662/systemd-logind   
unix  3      [ ]         DGRAM                    16554    1/init               
unix  3      [ ]         STREAM     CONNECTED     28562    1856/gsd-power       
unix  2      [ ]         DGRAM                    18965    849/systemd          
unix  3      [ ]         STREAM     CONNECTED     41972    1674/gnome-shell     
unix  2      [ ]         DGRAM                    27067    1865/gsd-sharing     
unix  3      [ ]         STREAM     CONNECTED     26742    1674/gnome-shell     
unix  3      [ ]         STREAM     CONNECTED     25346    1/init               /run/systemd/journal/stdout
unix  3      [ ]         STREAM     CONNECTED     19045    578/dbus-daemon      /run/dbus/system_bus_socket
unix  3      [ ]         STREAM     CONNECTED     30195    1/init               /run/systemd/journal/stdout
unix  2      [ ]         DGRAM                    19288    1079/gnome-shell     
unix  3      [ ]         STREAM     CONNECTED     20045    1054/gnome-session-  
unix  3      [ ]         DGRAM                    21700    1/init               
unix  3      [ ]         STREAM     CONNECTED     57395    1674/gnome-shell     
unix  3      [ ]         STREAM     CONNECTED     27054    1865/gsd-sharing     
unix  3      [ ]         STREAM     CONNECTED     26985    1855/gsd-media-keys  
unix  3      [ ]         STREAM     CONNECTED     26779    1549/dbus-daemon     @/tmp/dbus-OhbEIlVBPz
unix  2      [ ]         DGRAM                    26557    1365/gnome-keyring-  
unix  3      [ ]         STREAM     CONNECTED     30200    1384/dbus-daemon     /run/user/0/bus
unix  3      [ ]         STREAM     CONNECTED     30082    1880/gsd-disk-utili  
unix  3      [ ]         STREAM     CONNECTED     19276    1079/gnome-shell     
unix  3      [ ]         STREAM     CONNECTED     20047    1051/tracker-miner-  
unix  2      [ ]         DGRAM                    21848    1002/dbus-daemon     
unix  3      [ ]         STREAM     CONNECTED     16586    1/init               
unix  3      [ ]         STREAM     CONNECTED     19258    1054/gnome-session-  
unix  3      [ ]         STREAM     CONNECTED     15087    1/init               /run/systemd/journal/stdout
unix  3      [ ]         STREAM     CONNECTED     41973    1674/gnome-shell     
unix  3      [ ]         STREAM     CONNECTED     29237    1879/gsd-xsettings   
unix  3      [ ]         STREAM     CONNECTED     27043    1913/evolution-addr  
unix  3      [ ]         STREAM     CONNECTED     25654    1243/gsd-rfkill      
unix  3      [ ]         STREAM     CONNECTED     20020    1025/dbus-daemon     
unix  3      [ ]         STREAM     CONNECTED     29250    1549/dbus-daemon     @/tmp/dbus-OhbEIlVBPz
unix  3      [ ]         STREAM     CONNECTED     29708    1384/dbus-daemon     /run/user/0/bus
unix  3      [ ]         STREAM     CONNECTED     25343    1384/dbus-daemon     /run/user/0/bus
unix  3      [ ]         STREAM     CONNECTED     21844    886/pulseaudio       
unix  3      [ ]         DGRAM                    16555    1/init               
unix  3      [ ]         STREAM     CONNECTED     19168    886/pulseaudio       
unix  3      [ ]         STREAM     CONNECTED     28558    578/dbus-daemon      /run/dbus/system_bus_socket
unix  3      [ ]         STREAM     CONNECTED     29248    1879/gsd-xsettings   
unix  3      [ ]         STREAM     CONNECTED     29793    1810/ibus-memconf    
unix  3      [ ]         STREAM     CONNECTED     21837    898/gdm-x-session    
unix  3      [ ]         STREAM     CONNECTED     30198    1/init               /run/systemd/journal/stdout
unix  3      [ ]         STREAM     CONNECTED     23612    1002/dbus-daemon     /run/user/133/bus
unix  3      [ ]         STREAM     CONNECTED     19969    1002/dbus-daemon     
unix  3      [ ]         STREAM     CONNECTED     26942    1/init               /run/systemd/journal/stdout
unix  3      [ ]         STREAM     CONNECTED     26180    1577/xdg-document-p  
unix  3      [ ]         DGRAM                    21699    1/init               
unix  3      [ ]         STREAM     CONNECTED     28564    1856/gsd-power       
unix  3      [ ]         STREAM     CONNECTED     30090    1/init               /run/systemd/journal/stdout
unix  3      [ ]         STREAM     CONNECTED     19970    1002/dbus-daemon     /run/user/133/bus
unix  3      [ ]         STREAM     CONNECTED     30261    1549/dbus-daemon     @/tmp/dbus-OhbEIlVBPz
unix  3      [ ]         STREAM     CONNECTED     28863    1384/dbus-daemon     /run/user/0/bus
unix  3      [ ]         STREAM     CONNECTED     22501    1/init               /run/systemd/journal/stdout
unix  3      [ ]         STREAM     CONNECTED     19044    902/Xorg             
unix  3      [ ]         STREAM     CONNECTED     30083    1/init               /run/systemd/journal/stdout
unix  3      [ ]         STREAM     CONNECTED     25704    1269/gsd-wwan        
unix  3      [ ]         STREAM     CONNECTED     19998    1020/at-spi-bus-lau  
unix  3      [ ]         STREAM     CONNECTED     28547    1855/gsd-media-keys  
unix  3      [ ]         STREAM     CONNECTED     19971    1002/dbus-daemon     /run/user/133/bus
unix  3      [ ]         STREAM     CONNECTED     15951    578/dbus-daemon      /run/dbus/system_bus_socket
unix  3      [ ]         STREAM     CONNECTED     30253    1371/Xorg            @/tmp/.X11-unix/X1
unix  3      [ ]         STREAM     CONNECTED     29238    1868/gsd-sound       
unix  2      [ ]         DGRAM                    19196    1047/gnome-session-  
unix  3      [ ]         STREAM     CONNECTED     27076    1871/gsd-usb-protec  
unix  3      [ ]         STREAM     CONNECTED     29247    1879/gsd-xsettings   
unix  3      [ ]         STREAM     CONNECTED     28539    578/dbus-daemon      /run/dbus/system_bus_socket
unix  3      [ ]         STREAM     CONNECTED     30208    1883/ibus-engine-si  
unix  3      [ ]         STREAM     CONNECTED     19973    578/dbus-daemon      /run/dbus/system_bus_socket
unix  3      [ ]         STREAM     CONNECTED     19038    898/gdm-x-session    
unix  3      [ ]         STREAM     CONNECTED     54988    578/dbus-daemon      /run/dbus/system_bus_socket
unix  3      [ ]         STREAM     CONNECTED     26992    1868/gsd-sound       
unix  3      [ ]         STREAM     CONNECTED     29979    1866/evolution-alar  
unix  3      [ ]         STREAM     CONNECTED     19329    1198/ibus-extension  
unix  3      [ ]         STREAM     CONNECTED     22047    1/init               /run/systemd/journal/stdout
unix  3      [ ]         STREAM     CONNECTED     19259    1002/dbus-daemon     /run/user/133/bus
unix  3      [ ]         STREAM     CONNECTED     28255    1384/dbus-daemon     /run/user/0/bus
unix  3      [ ]         STREAM     CONNECTED     23282    1531/at-spi-bus-lau  
unix  2      [ ]         DGRAM                    21440    583/polkitd          
unix  3      [ ]         STREAM     CONNECTED     28679    578/dbus-daemon      /run/dbus/system_bus_socket
unix  3      [ ]         STREAM     CONNECTED     19325    1192/ibus-daemon     @/var/lib/gdm3/.cache/ibus/dbus-ThDMrjUE
unix  3      [ ]         STREAM     CONNECTED     19181    1002/dbus-daemon     /run/user/133/bus
unix  3      [ ]         STREAM     CONNECTED     28694    1/init               /run/systemd/journal/stdout
unix  3      [ ]         STREAM     CONNECTED     21836    849/systemd          
unix  2      [ ]         DGRAM                    2807     1/init               
unix  3      [ ]         STREAM     CONNECTED     30266    1384/dbus-daemon     /run/user/0/bus
unix  3      [ ]         STREAM     CONNECTED     29808    1810/ibus-memconf    
unix  3      [ ]         STREAM     CONNECTED     23112    1362/pulseaudio      
unix  3      [ ]         STREAM     CONNECTED     22504    1188/wpa_supplicant  
unix  3      [ ]         STREAM     CONNECTED     27006    1848/gsd-a11y-setti  
unix  3      [ ]         STREAM     CONNECTED     29980    1/init               /run/systemd/journal/stdout
unix  3      [ ]         STREAM     CONNECTED     27959    1674/gnome-shell     
unix  3      [ ]         STREAM     CONNECTED     19326    1200/ibus-x11        
unix  3      [ ]         STREAM     CONNECTED     20021    1025/dbus-daemon     
unix  2      [ ]         DGRAM                    19716    825/gdm-session-wor  
unix  3      [ ]         STREAM     CONNECTED     15952    578/dbus-daemon      /run/dbus/system_bus_socket
unix  3      [ ]         STREAM     CONNECTED     28521    1871/gsd-usb-protec  
unix  2      [ ]         DGRAM                    14651    385/systemd-journal  
unix  3      [ ]         STREAM     CONNECTED     19275    1079/gnome-shell     
unix  2      [ ]         DGRAM                    29277    1879/gsd-xsettings   
unix  3      [ ]         STREAM     CONNECTED     29834    1674/gnome-shell     
unix  3      [ ]         STREAM     CONNECTED     20628    1/init               /run/systemd/journal/stdout
unix  3      [ ]         STREAM     CONNECTED     25607    1/init               /run/systemd/journal/stdout
unix  3      [ ]         STREAM     CONNECTED     19169    1/init               /run/systemd/journal/stdout
unix  3      [ ]         STREAM     CONNECTED     53931    3475/gnome-terminal  
unix  3      [ ]         STREAM     CONNECTED     28567    578/dbus-daemon      /run/dbus/system_bus_socket
unix  3      [ ]         STREAM     CONNECTED     28543    1856/gsd-power       
unix  3      [ ]         STREAM     CONNECTED     29049    1/init               /run/systemd/journal/stdout
unix  3      [ ]         STREAM     CONNECTED     22086    578/dbus-daemon      /run/dbus/system_bus_socket
unix  3      [ ]         STREAM     CONNECTED     26825    1753/tracker-store   
unix  3      [ ]         STREAM     CONNECTED     22600    578/dbus-daemon      /run/dbus/system_bus_socket
unix  3      [ ]         STREAM     CONNECTED     20629    1/init               /run/systemd/journal/stdout
unix  3      [ ]         STREAM     CONNECTED     30086    1/init               /run/systemd/journal/stdout
unix  2      [ ]         DGRAM                    26224    1568/xdg-desktop-po  
unix  3      [ ]         STREAM     CONNECTED     19323    1197/ibus-memconf    
unix  3      [ ]         STREAM     CONNECTED     19888    886/pulseaudio       
unix  3      [ ]         STREAM     CONNECTED     30250    1853/gsd-housekeepi  
unix  3      [ ]         STREAM     CONNECTED     29050    1/init               /run/systemd/journal/stdout
unix  3      [ ]         STREAM     CONNECTED     21223    578/dbus-daemon      /run/dbus/system_bus_socket
unix  2      [ ]         DGRAM                    17725    577/cron             
unix  3      [ ]         STREAM     CONNECTED     30251    1371/Xorg            @/tmp/.X11-unix/X1
unix  3      [ ]         STREAM     CONNECTED     29775    1803/ibus-daemon     
unix  3      [ ]         STREAM     CONNECTED     26632    1650/gvfs-udisks2-v  
unix  3      [ ]         STREAM     CONNECTED     29244    1867/gsd-smartcard   
unix  3      [ ]         STREAM     CONNECTED     29047    1856/gsd-power       
unix  3      [ ]         STREAM     CONNECTED     28711    1/init               /run/systemd/journal/stdout
unix  3      [ ]         STREAM     CONNECTED     25160    1384/dbus-daemon     
unix  2      [ ]         DGRAM                    22992    1343/(sd-pam)        
unix  3      [ ]         STREAM     CONNECTED     22666    1229/gsd-color       
unix  3      [ ]         STREAM     CONNECTED     28878    1819/ibus-x11        
unix  3      [ ]         STREAM     CONNECTED     23152    1362/pulseaudio      
unix  3      [ ]         STREAM     CONNECTED     24895    578/dbus-daemon      /run/dbus/system_bus_socket
unix  3      [ ]         STREAM     CONNECTED     19138    1/init               /run/systemd/journal/stdout
unix  3      [ ]         STREAM     CONNECTED     30269    1384/dbus-daemon     /run/user/0/bus
unix  3      [ ]         STREAM     CONNECTED     28733    578/dbus-daemon      /run/dbus/system_bus_socket
unix  3      [ ]         STREAM     CONNECTED     25625    1002/dbus-daemon     /run/user/133/bus
unix  3      [ ]         STREAM     CONNECTED     18824    1/init               /run/systemd/journal/stdout
unix  3      [ ]         STREAM     CONNECTED     29137    1867/gsd-smartcard   
unix  3      [ ]         STREAM     CONNECTED     55524    3214/fwupd           
unix  3      [ ]         STREAM     CONNECTED     27913    1740/goa-identity-s  
unix  3      [ ]         STREAM     CONNECTED     25530    1384/dbus-daemon     /run/user/0/bus
unix  3      [ ]         STREAM     CONNECTED     25631    902/Xorg             @/tmp/.X11-unix/X0
unix  3      [ ]         STREAM     CONNECTED     28879    1549/dbus-daemon     @/tmp/dbus-OhbEIlVBPz
unix  3      [ ]         STREAM     CONNECTED     16372    578/dbus-daemon      /run/dbus/system_bus_socket
unix  3      [ ]         STREAM     CONNECTED     28874    1822/ibus-portal     
unix  3      [ ]         STREAM     CONNECTED     28809    1674/gnome-shell     
unix  3      [ ]         STREAM     CONNECTED     24107    1/init               /run/systemd/journal/stdout
unix  3      [ ]         STREAM     CONNECTED     24731    1229/gsd-color       
unix  3      [ ]         STREAM     CONNECTED     29249    1852/gsd-datetime    
unix  3      [ ]         STREAM     CONNECTED     28972    1849/gsd-color       
unix  3      [ ]         STREAM     CONNECTED     28688    1/init               /run/systemd/journal/stdout
unix  3      [ ]         STREAM     CONNECTED     23305    1/init               /run/systemd/journal/stdout
unix  3      [ ]         STREAM     CONNECTED     57465    3475/gnome-terminal  
unix  3      [ ]         STREAM     CONNECTED     23373    578/dbus-daemon      /run/dbus/system_bus_socket
unix  3      [ ]         STREAM     CONNECTED     24275    578/dbus-daemon      /run/dbus/system_bus_socket
unix  3      [ ]         STREAM     CONNECTED     22747    1234/gsd-keyboard    
unix  3      [ ]         STREAM     CONNECTED     27004    1854/gsd-keyboard    
unix  3      [ ]         STREAM     CONNECTED     29828    1803/ibus-daemon     @/root/.cache/ibus/dbus-XX4ft6lS
unix  2      [ ]         DGRAM                    24114    1337/gdm-session-wo  
unix  3      [ ]         STREAM     CONNECTED     30383    1631/gnome-session-  @/tmp/.ICE-unix/1631
unix  3      [ ]         STREAM     CONNECTED     28867    1812/ibus-extension  
unix  3      [ ]         STREAM     CONNECTED     28780    1769/gnome-shell-ca  
unix  3      [ ]         STREAM     CONNECTED     26226    1/init               /run/systemd/journal/stdout
unix  3      [ ]         STREAM     CONNECTED     23330    1384/dbus-daemon     /run/user/0/bus
unix  3      [ ]         STREAM     CONNECTED     21495    1200/ibus-x11        
unix  3      [ ]         STREAM     CONNECTED     18825    1/init               /run/systemd/journal/stdout
unix  3      [ ]         STREAM     CONNECTED     27334    1866/evolution-alar  
unix  3      [ ]         STREAM     CONNECTED     25786    1291/colord          
unix  3      [ ]         STREAM     CONNECTED     28726    1384/dbus-daemon     /run/user/0/bus
unix  3      [ ]         STREAM     CONNECTED     25127    1365/gnome-keyring-  
unix  3      [ ]         STREAM     CONNECTED     28875    1812/ibus-extension  
unix  3      [ ]         STREAM     CONNECTED     24111    1337/gdm-session-wo  
unix  3      [ ]         STREAM     CONNECTED     30378    1909/vmtoolsd        
unix  3      [ ]         STREAM     CONNECTED     29254    1913/evolution-addr  
unix  3      [ ]         STREAM     CONNECTED     23822    1/init               /run/systemd/journal/stdout
unix  3      [ ]         STREAM     CONNECTED     19255    1/init               /run/systemd/journal/stdout
unix  3      [ ]         STREAM     CONNECTED     20511    825/gdm-session-wor  
unix  3      [ ]         STREAM     CONNECTED     26218    1580/xdg-permission  
unix  3      [ ]         STREAM     CONNECTED     29951    1858/gsd-print-noti  
unix  3      [ ]         STREAM     CONNECTED     28774    1769/gnome-shell-ca  
unix  3      [ ]         DGRAM                    23037    1342/systemd         
unix  3      [ ]         STREAM     CONNECTED     19406    1/init               /run/systemd/journal/stdout
unix  3      [ ]         STREAM     CONNECTED     58374    3475/gnome-terminal  
unix  3      [ ]         STREAM     CONNECTED     28883    1812/ibus-extension  
unix  3      [ ]         STREAM     CONNECTED     17116    1/init               /run/systemd/journal/stdout
unix  3      [ ]         STREAM     CONNECTED     30382    1909/vmtoolsd        
unix  3      [ ]         STREAM     CONNECTED     28812    1674/gnome-shell     
unix  3      [ ]         STREAM     CONNECTED     28003    578/dbus-daemon      /run/dbus/system_bus_socket
unix  3      [ ]         STREAM     CONNECTED     23385    1595/gnome-keyring-  
unix  3      [ ]         STREAM     CONNECTED     26177    1570/at-spi2-regist  
unix  3      [ ]         STREAM     CONNECTED     21496    1192/ibus-daemon     @/var/lib/gdm3/.cache/ibus/dbus-ThDMrjUE
unix  3      [ ]         STREAM     CONNECTED     20163    1075/upowerd         
unix  3      [ ]         STREAM     CONNECTED     27344    1866/evolution-alar  
unix  3      [ ]         STREAM     CONNECTED     29211    1875/gsd-wacom       
unix  3      [ ]         STREAM     CONNECTED     28002    578/dbus-daemon      /run/dbus/system_bus_socket
unix  3      [ ]         STREAM     CONNECTED     29910    1853/gsd-housekeepi  
unix  3      [ ]         STREAM     CONNECTED     27954    1740/goa-identity-s  
unix  2      [ ]         DGRAM                    25528    1629/tracker-miner-  
unix  3      [ ]         STREAM     CONNECTED     23372    1568/xdg-desktop-po  
unix  3      [ ]         STREAM     CONNECTED     25236    1388/gnome-session-  
unix  3      [ ]         DGRAM                    23036    1342/systemd         
unix  3      [ ]         STREAM     CONNECTED     23941    1/init               /run/systemd/journal/stdout
unix  3      [ ]         STREAM     CONNECTED     20407    1079/gnome-shell     
unix  3      [ ]         STREAM     CONNECTED     30248    1384/dbus-daemon     /run/user/0/bus
unix  3      [ ]         STREAM     CONNECTED     26989    1854/gsd-keyboard    
unix  3      [ ]         STREAM     CONNECTED     28884    578/dbus-daemon      /run/dbus/system_bus_socket
unix  3      [ ]         STREAM     CONNECTED     25862    619/gdm3             @/tmp/dbus-3RXmplGi
unix  3      [ ]         STREAM     CONNECTED     28810    1674/gnome-shell     
unix  3      [ ]         STREAM     CONNECTED     27784    1631/gnome-session-  @/tmp/.ICE-unix/1631
unix  3      [ ]         STREAM     CONNECTED     26736    1693/dconf-service   
unix  3      [ ]         STREAM     CONNECTED     26176    1570/at-spi2-regist  
unix  3      [ ]         STREAM     CONNECTED     24894    1337/gdm-session-wo  
unix  3      [ ]         STREAM     CONNECTED     24732    1243/gsd-rfkill      
unix  3      [ ]         STREAM     CONNECTED     29278    1549/dbus-daemon     @/tmp/dbus-OhbEIlVBPz
unix  3      [ ]         STREAM     CONNECTED     29262    1362/pulseaudio      /run/user/0/pulse/native
unix  3      [ ]         STREAM     CONNECTED     28783    1/init               /run/systemd/journal/stdout
unix  3      [ ]         STREAM     CONNECTED     26309    1629/tracker-miner-  
unix  3      [ ]         STREAM     CONNECTED     28725    1721/goa-daemon      
unix  3      [ ]         STREAM     CONNECTED     25805    578/dbus-daemon      /run/dbus/system_bus_socket
unix  3      [ ]         STREAM     CONNECTED     30245    1852/gsd-datetime    
unix  3      [ ]         STREAM     CONNECTED     28871    1549/dbus-daemon     @/tmp/dbus-OhbEIlVBPz
unix  3      [ ]         STREAM     CONNECTED     17124    619/gdm3             
unix  3      [ ]         STREAM     CONNECTED     28876    1822/ibus-portal     
unix  3      [ ]         STREAM     CONNECTED     28260    1371/Xorg            @/tmp/.X11-unix/X1
unix  3      [ ]         STREAM     CONNECTED     26737    1693/dconf-service   
unix  3      [ ]         STREAM     CONNECTED     25615    1002/dbus-daemon     /run/user/133/bus
unix  3      [ ]         STREAM     CONNECTED     26986    1860/gsd-rfkill      
unix  3      [ ]         STREAM     CONNECTED     26940    1/init               /run/systemd/journal/stdout
unix  3      [ ]         STREAM     CONNECTED     29010    1852/gsd-datetime    
unix  3      [ ]         STREAM     CONNECTED     27830    1708/gvfs-afc-volum  
unix  3      [ ]         STREAM     CONNECTED     23520    1631/gnome-session-  
unix  3      [ ]         STREAM     CONNECTED     28735    1/init               /run/systemd/journal/stdout
unix  3      [ ]         STREAM     CONNECTED     23522    578/dbus-daemon      /run/dbus/system_bus_socket
unix  3      [ ]         STREAM     CONNECTED     26086    1/init               /run/systemd/journal/stdout
unix  3      [ ]         STREAM     CONNECTED     22667    1/init               /run/systemd/journal/stdout
unix  3      [ ]         STREAM     CONNECTED     22500    1188/wpa_supplicant  
unix  3      [ ]         STREAM     CONNECTED     30243    1384/dbus-daemon     /run/user/0/bus
unix  3      [ ]         STREAM     CONNECTED     28872    1812/ibus-extension  
unix  3      [ ]         STREAM     CONNECTED     24530    1531/at-spi-bus-lau  
unix  3      [ ]         STREAM     CONNECTED     28775    1769/gnome-shell-ca  
unix  3      [ ]         STREAM     CONNECTED     28685    1384/dbus-daemon     /run/user/0/bus
unix  3      [ ]         STREAM     CONNECTED     28678    1362/pulseaudio      
unix  3      [ ]         STREAM     CONNECTED     27743    1/init               /run/systemd/journal/stdout
unix  3      [ ]         STREAM     CONNECTED     20512    825/gdm-session-wor  
unix  3      [ ]         STREAM     CONNECTED     15950    578/dbus-daemon      
unix  3      [ ]         STREAM     CONNECTED     27345    1866/evolution-alar  
unix  3      [ ]         STREAM     CONNECTED     29953    1384/dbus-daemon     /run/user/0/bus
unix  3      [ ]         STREAM     CONNECTED     26082    1/init               /run/systemd/journal/stdout
unix  3      [ ]         STREAM     CONNECTED     18956    849/systemd          
unix  3      [ ]         STREAM     CONNECTED     28563    578/dbus-daemon      /run/dbus/system_bus_socket
unix  3      [ ]         STREAM     CONNECTED     30054    1864/gsd-screensave  
unix  2      [ ]         DGRAM                    27909    1721/goa-daemon      
unix  3      [ ]         STREAM     CONNECTED     28710    1721/goa-daemon      
unix  3      [ ]         STREAM     CONNECTED     25529    1629/tracker-miner-  
unix  2      [ ]         STREAM                   25131    1371/Xorg            
unix  3      [ ]         STREAM     CONNECTED     23040    1342/systemd         
unix  3      [ ]         STREAM     CONNECTED     22247    886/pulseaudio       /run/user/133/pulse/native
unix  3      [ ]         STREAM     CONNECTED     27002    1854/gsd-keyboard    
unix  3      [ ]         STREAM     CONNECTED     29825    1384/dbus-daemon     /run/user/0/bus
unix  3      [ ]         STREAM     CONNECTED     25161    1384/dbus-daemon     /run/user/0/bus
unix  3      [ ]         STREAM     CONNECTED     24112    1337/gdm-session-wo  
unix  3      [ ]         STREAM     CONNECTED     29823    1384/dbus-daemon     /run/user/0/bus
unix  3      [ ]         STREAM     CONNECTED     28813    1674/gnome-shell     
unix  3      [ ]         STREAM     CONNECTED     26775    1721/goa-daemon      
unix  3      [ ]         STREAM     CONNECTED     26617    1362/pulseaudio      
unix  3      [ ]         STREAM     CONNECTED     25616    902/Xorg             @/tmp/.X11-unix/X0
unix  3      [ ]         STREAM     CONNECTED     20515    825/gdm-session-wor  
unix  3      [ ]         STREAM     CONNECTED     30284    1384/dbus-daemon     /run/user/0/bus
unix  3      [ ]         STREAM     CONNECTED     28690    1384/dbus-daemon     /run/user/0/bus
unix  3      [ ]         STREAM     CONNECTED     30057    1868/gsd-sound       
unix  3      [ ]         STREAM     CONNECTED     27955    1384/dbus-daemon     /run/user/0/bus
unix  3      [ ]         STREAM     CONNECTED     28712    1/init               /run/systemd/journal/stdout
unix  3      [ ]         STREAM     CONNECTED     22708    1228/gsd-a11y-setti  
unix  3      [ ]         STREAM     CONNECTED     28881    1819/ibus-x11        
unix  3      [ ]         STREAM     CONNECTED     28593    578/dbus-daemon      /run/dbus/system_bus_socket
unix  3      [ ]         STREAM     CONNECTED     28798    1674/gnome-shell     
unix  3      [ ]         STREAM     CONNECTED     28777    1/init               /run/systemd/journal/stdout
unix  3      [ ]         STREAM     CONNECTED     23386    1595/gnome-keyring-  
unix  3      [ ]         STREAM     CONNECTED     21432    1177/xdg-permission  
unix  3      [ ]         STREAM     CONNECTED     29251    1855/gsd-media-keys  
unix  3      [ ]         STREAM     CONNECTED     29136    1865/gsd-sharing     
unix  3      [ ]         STREAM     CONNECTED     26642    1631/gnome-session-  
unix  3      [ ]         STREAM     CONNECTED     28734    1/init               /run/systemd/journal/stdout
unix  3      [ ]         STREAM     CONNECTED     24491    1502/gvfsd           
unix  3      [ ]         STREAM     CONNECTED     25135    1371/Xorg            
unix  3      [ ]         STREAM     CONNECTED     25875    1/init               /run/systemd/journal/stdout
unix  3      [ ]         STREAM     CONNECTED     23614    1054/gnome-session-  @/tmp/.ICE-unix/1054
unix  3      [ ]         STREAM     CONNECTED     18282    662/systemd-logind   
unix  3      [ ]         STREAM     CONNECTED     28873    1384/dbus-daemon     /run/user/0/bus
unix  3      [ ]         STREAM     CONNECTED     15102    1/init               /run/systemd/journal/stdout
unix  3      [ ]         STREAM     CONNECTED     28781    1384/dbus-daemon     /run/user/0/bus
unix  3      [ ]         STREAM     CONNECTED     28684    1674/gnome-shell     
unix  3      [ ]         STREAM     CONNECTED     25148    1342/systemd         
unix  3      [ ]         STREAM     CONNECTED     22613    1025/dbus-daemon     @/tmp/dbus-wmWB6UiNVk
unix  3      [ ]         STREAM     CONNECTED     20516    619/gdm3             @/tmp/dbus-WvXPWldV
unix  3      [ ]         STREAM     CONNECTED     29261    1855/gsd-media-keys  
unix  3      [ ]         STREAM     CONNECTED     26643    578/dbus-daemon      /run/dbus/system_bus_socket
unix  3      [ ]         STREAM     CONNECTED     26179    1577/xdg-document-p  
unix  3      [ ]         STREAM     CONNECTED     26084    1384/dbus-daemon     /run/user/0/bus
unix  3      [ ]         STREAM     CONNECTED     55733    3227/systemd-networ  
unix  3      [ ]         STREAM     CONNECTED     28709    1721/goa-daemon      
unix  3      [ ]         STREAM     CONNECTED     25532    1629/tracker-miner-  
unix  2      [ ]         DGRAM                    22995    1342/systemd         
unix  2      [ ]         DGRAM                    25797    1291/colord          
unix  3      [ ]         STREAM     CONNECTED     19403    1002/dbus-daemon     /run/user/133/bus
unix  3      [ ]         STREAM     CONNECTED     28870    1812/ibus-extension  
unix  3      [ ]         STREAM     CONNECTED     29219    1/init               /run/systemd/journal/stdout
unix  3      [ ]         STREAM     CONNECTED     28800    1769/gnome-shell-ca  
unix  3      [ ]         STREAM     CONNECTED     25357    1384/dbus-daemon     /run/user/0/bus
unix  2      [ ]         DGRAM                    24722    1054/gnome-session-  
unix  3      [ ]         STREAM     CONNECTED     30278    1371/Xorg            @/tmp/.X11-unix/X1
unix  3      [ ]         STREAM     CONNECTED     28560    578/dbus-daemon      /run/dbus/system_bus_socket
unix  3      [ ]         STREAM     CONNECTED     28557    578/dbus-daemon      /run/dbus/system_bus_socket
unix  3      [ ]         STREAM     CONNECTED     28549    578/dbus-daemon      /run/dbus/system_bus_socket
unix  3      [ ]         STREAM     CONNECTED     28000    1773/evolution-sour  
unix  3      [ ]         STREAM     CONNECTED     28700    1717/gvfs-goa-volum  
unix  3      [ ]         STREAM     CONNECTED     25336    1568/xdg-desktop-po  
unix  3      [ ]         STREAM     CONNECTED     27914    1740/goa-identity-s  
unix  3      [ ]         STREAM     CONNECTED     24199    578/dbus-daemon      /run/dbus/system_bus_socket
unix  3      [ ]         STREAM     CONNECTED     24182    578/dbus-daemon      /run/dbus/system_bus_socket
unix  3      [ ]         STREAM     CONNECTED     22745    1237/gsd-power       
unix  3      [ ]         STREAM     CONNECTED     18737    1/init               /run/systemd/journal/stdout
unix  3      [ ]         STREAM     CONNECTED     58371    3475/gnome-terminal  
unix  3      [ ]         STREAM     CONNECTED     28880    1819/ibus-x11        
unix  3      [ ]         STREAM     CONNECTED     29754    1362/pulseaudio      /run/user/0/pulse/native
unix  3      [ ]         STREAM     CONNECTED     23392    1595/gnome-keyring-  
unix  3      [ ]         STREAM     CONNECTED     25162    1384/dbus-daemon     /run/user/0/bus
unix  3      [ ]         STREAM     CONNECTED     24729    1239/gsd-print-noti  
unix  3      [ ]         STREAM     CONNECTED     15949    578/dbus-daemon      
unix  3      [ ]         STREAM     CONNECTED     28785    1384/dbus-daemon     /run/user/0/bus
unix  3      [ ]         STREAM     CONNECTED     26336    1/init               /run/systemd/journal/stdout
unix  3      [ ]         STREAM     CONNECTED     25337    1384/dbus-daemon     /run/user/0/bus
unix  3      [ ]         STREAM     CONNECTED     24492    1502/gvfsd           
unix  3      [ ]         STREAM     CONNECTED     19037    898/gdm-x-session    
unix  3      [ ]         STREAM     CONNECTED     28681    1384/dbus-daemon     /run/user/0/bus
unix  3      [ ]         STREAM     CONNECTED     24359    1384/dbus-daemon     
unix  3      [ ]         STREAM     CONNECTED     25804    1291/colord          
unix  3      [ ]         STREAM     CONNECTED     22615    1079/gnome-shell     
unix  3      [ ]         STREAM     CONNECTED     57471    1384/dbus-daemon     /run/user/0/bus
unix  3      [ ]         STREAM     CONNECTED     27003    1549/dbus-daemon     @/tmp/dbus-OhbEIlVBPz
unix  3      [ ]         STREAM     CONNECTED     29822    1803/ibus-daemon     @/root/.cache/ibus/dbus-XX4ft6lS
unix  3      [ ]         STREAM     CONNECTED     23287    578/dbus-daemon      /run/dbus/system_bus_socket
unix  3      [ ]         STREAM     CONNECTED     20513    578/dbus-daemon      /run/dbus/system_bus_socket
unix  3      [ ]         STREAM     CONNECTED     30379    1371/Xorg            @/tmp/.X11-unix/X1
unix  3      [ ]         STREAM     CONNECTED     29821    1803/ibus-daemon     @/root/.cache/ibus/dbus-XX4ft6lS
unix  3      [ ]         STREAM     CONNECTED     28808    1674/gnome-shell     
unix  3      [ ]         STREAM     CONNECTED     27715    1371/Xorg            @/tmp/.X11-unix/X1
unix  3      [ ]         STREAM     CONNECTED     25331    1549/dbus-daemon     @/tmp/dbus-OhbEIlVBPz
unix  2      [ ]         DGRAM                    23233    1384/dbus-daemon     
unix  3      [ ]         STREAM     CONNECTED     24893    1337/gdm-session-wo  
unix  3      [ ]         STREAM     CONNECTED     21494    1200/ibus-x11        
unix  3      [ ]         STREAM     CONNECTED     29257    1855/gsd-media-keys  
unix  2      [ ]         DGRAM                    26998    1631/gnome-session-  
unix  3      [ ]         STREAM     CONNECTED     28443    1/init               /run/systemd/journal/stdout
unix  3      [ ]         STREAM     CONNECTED     28001    1773/evolution-sour  
unix  3      [ ]         STREAM     CONNECTED     27331    1879/gsd-xsettings   
unix  3      [ ]         STREAM     CONNECTED     28680    1693/dconf-service   
unix  3      [ ]         STREAM     CONNECTED     25159    1384/dbus-daemon     
unix  3      [ ]         STREAM     CONNECTED     22707    1228/gsd-a11y-setti  
unix  3      [ ]         STREAM     CONNECTED     53935    1803/ibus-daemon     @/root/.cache/ibus/dbus-XX4ft6lS
unix  3      [ ]         STREAM     CONNECTED     30123    1371/Xorg            @/tmp/.X11-unix/X1
unix  3      [ ]         STREAM     CONNECTED     28869    1819/ibus-x11        
unix  3      [ ]         STREAM     CONNECTED     17115    619/gdm3             
unix  3      [ ]         STREAM     CONNECTED     27742    1/init               /run/systemd/journal/stdout
unix  3      [ ]         STREAM     CONNECTED     24539    1371/Xorg            @/tmp/.X11-unix/X1
unix  3      [ ]         STREAM     CONNECTED     19279    578/dbus-daemon      /run/dbus/system_bus_socket
unix  2      [ ]         DGRAM                    15960    578/dbus-daemon      
unix  3      [ ]         STREAM     CONNECTED     30270    1384/dbus-daemon     /run/user/0/bus
unix  3      [ ]         STREAM     CONNECTED     26495    1653/udisksd         
unix  3      [ ]         STREAM     CONNECTED     30528    2081/gvfsd-metadata  
unix  3      [ ]         STREAM     CONNECTED     28776    1/init               /run/systemd/journal/stdout
unix  3      [ ]         STREAM     CONNECTED     19395    1/init               /run/systemd/journal/stdout
unix  3      [ ]         STREAM     CONNECTED     28266    1371/Xorg            @/tmp/.X11-unix/X1
unix  3      [ ]         STREAM     CONNECTED     25913    1/init               /run/systemd/journal/stdout
unix  3      [ ]         STREAM     CONNECTED     18828    825/gdm-session-wor  
unix  3      [ ]         STREAM     CONNECTED     30285    1866/evolution-alar  
unix  3      [ ]         STREAM     CONNECTED     28799    1362/pulseaudio      /run/user/0/pulse/native
unix  3      [ ]         STREAM     CONNECTED     26225    1/init               /run/systemd/journal/stdout
unix  3      [ ]         STREAM     CONNECTED     26178    1570/at-spi2-regist  
unix  3      [ ]         STREAM     CONNECTED     24108    1/init               /run/systemd/journal/stdout
unix  3      [ ]         STREAM     CONNECTED     22234    1002/dbus-daemon     /run/user/133/bus
unix  3      [ ]         STREAM     CONNECTED     19273    902/Xorg             @/tmp/.X11-unix/X0
unix  2      [ ]         DGRAM                    30344    1855/gsd-media-keys  
unix  2      [ ]         DGRAM                    24843    1229/gsd-color       
unix  3      [ ]         STREAM     CONNECTED     25639    1025/dbus-daemon     @/tmp/dbus-wmWB6UiNVk
unix  3      [ ]         STREAM     CONNECTED     16876    581/NetworkManager   
unix  3      [ ]         STREAM     CONNECTED     22150    1079/gnome-shell     
unix  3      [ ]         STREAM     CONNECTED     24800    1265/gsd-wacom       
unix  3      [ ]         STREAM     CONNECTED     24741    1025/dbus-daemon     @/tmp/dbus-wmWB6UiNVk
unix  3      [ ]         STREAM     CONNECTED     28256    1/init               /run/systemd/journal/stdout
unix  3      [ ]         STREAM     CONNECTED     20040    1/init               /run/systemd/journal/stdout
unix  3      [ ]         STREAM     CONNECTED     23955    1025/dbus-daemon     @/tmp/dbus-wmWB6UiNVk
unix  3      [ ]         STREAM     CONNECTED     23820    1/init               /run/systemd/journal/stdout
unix  3      [ ]         STREAM     CONNECTED     30173    1384/dbus-daemon     /run/user/0/bus
unix  3      [ ]         STREAM     CONNECTED     21356    1025/dbus-daemon     @/tmp/dbus-wmWB6UiNVk
unix  3      [ ]         STREAM     CONNECTED     24801    1025/dbus-daemon     @/tmp/dbus-wmWB6UiNVk
unix  3      [ ]         STREAM     CONNECTED     24734    1244/gsd-smartcard   
unix  3      [ ]         STREAM     CONNECTED     29063    1853/gsd-housekeepi  
unix  3      [ ]         STREAM     CONNECTED     23295    1549/dbus-daemon     
unix  3      [ ]         STREAM     CONNECTED     25713    1229/gsd-color       
unix  3      [ ]         STREAM     CONNECTED     24804    1236/gsd-media-keys  
unix  3      [ ]         STREAM     CONNECTED     24780    1237/gsd-power       
unix  3      [ ]         STREAM     CONNECTED     29216    1876/gsd-wwan        
unix  3      [ ]         STREAM     CONNECTED     30080    1/init               /run/systemd/journal/stdout
unix  3      [ ]         STREAM     CONNECTED     28257    1/init               /run/systemd/journal/stdout
unix  3      [ ]         STREAM     CONNECTED     25709    578/dbus-daemon      /run/dbus/system_bus_socket
unix  3      [ ]         STREAM     CONNECTED     25355    1384/dbus-daemon     /run/user/0/bus
unix  3      [ ]         STREAM     CONNECTED     21947    1047/gnome-session-  
unix  3      [ ]         STREAM     CONNECTED     28544    1849/gsd-color       
unix  3      [ ]         STREAM     CONNECTED     24797    1236/gsd-media-keys  
unix  3      [ ]         STREAM     CONNECTED     25638    1002/dbus-daemon     /run/user/133/bus
unix  3      [ ]         STREAM     CONNECTED     26641    578/dbus-daemon      /run/dbus/system_bus_socket
unix  3      [ ]         STREAM     CONNECTED     24360    1/init               /run/systemd/journal/stdout
unix  3      [ ]         STREAM     CONNECTED     24243    1369/gdm-x-session   
unix  3      [ ]         STREAM     CONNECTED     16877    578/dbus-daemon      /run/dbus/system_bus_socket
unix  3      [ ]         STREAM     CONNECTED     30206    1384/dbus-daemon     /run/user/0/bus
unix  3      [ ]         STREAM     CONNECTED     26496    1/init               /run/systemd/journal/stdout
unix  3      [ ]         STREAM     CONNECTED     23284    1531/at-spi-bus-lau  
unix  3      [ ]         STREAM     CONNECTED     29056    1/init               /run/systemd/journal/stdout
unix  3      [ ]         STREAM     CONNECTED     28882    1824/evolution-cale  
unix  3      [ ]         STREAM     CONNECTED     28545    578/dbus-daemon      /run/dbus/system_bus_socket
unix  3      [ ]         STREAM     CONNECTED     24810    1002/dbus-daemon     /run/user/133/bus
unix  3      [ ]         STREAM     CONNECTED     24742    1237/gsd-power       
unix  2      [ ]         DGRAM                    16805    585/rsyslogd         
unix  3      [ ]         STREAM     CONNECTED     30246    1371/Xorg            @/tmp/.X11-unix/X1
unix  3      [ ]         STREAM     CONNECTED     29812    1822/ibus-portal     
unix  3      [ ]         STREAM     CONNECTED     24246    1369/gdm-x-session   
unix  3      [ ]         STREAM     CONNECTED     25707    1239/gsd-print-noti  
unix  3      [ ]         STREAM     CONNECTED     23425    1/init               /run/systemd/journal/stdout
unix  3      [ ]         STREAM     CONNECTED     24809    1265/gsd-wacom       
unix  3      [ ]         STREAM     CONNECTED     24735    1229/gsd-color       
unix  3      [ ]         STREAM     CONNECTED     29243    1549/dbus-daemon     @/tmp/dbus-OhbEIlVBPz
unix  3      [ ]         STREAM     CONNECTED     26024    578/dbus-daemon      /run/dbus/system_bus_socket
unix  3      [ ]         DGRAM                    13788    1/init               
unix  2      [ ]         DGRAM                    25825    1274/gsd-xsettings   
unix  3      [ ]         STREAM     CONNECTED     28245    1792/gvfsd-trash     
unix  3      [ ]         STREAM     CONNECTED     23367    1580/xdg-permission  
unix  3      [ ]         STREAM     CONNECTED     21985    1048/ssh-agent       
unix  3      [ ]         STREAM     CONNECTED     24798    1236/gsd-media-keys  
unix  3      [ ]         STREAM     CONNECTED     25787    902/Xorg             @/tmp/.X11-unix/X0
unix  3      [ ]         STREAM     CONNECTED     28591    1860/gsd-rfkill      
unix  3      [ ]         STREAM     CONNECTED     26991    1876/gsd-wwan        
unix  2      [ ]         DGRAM                    24815    1236/gsd-media-keys  
unix  3      [ ]         STREAM     CONNECTED     25705    578/dbus-daemon      /run/dbus/system_bus_socket
unix  3      [ ]         STREAM     CONNECTED     29253    1875/gsd-wacom       
unix  3      [ ]         STREAM     CONNECTED     24371    1369/gdm-x-session   
unix  3      [ ]         STREAM     CONNECTED     25716    578/dbus-daemon      /run/dbus/system_bus_socket
unix  3      [ ]         STREAM     CONNECTED     21215    1004/gnome-session-  
unix  3      [ ]         STREAM     CONNECTED     28548    578/dbus-daemon      /run/dbus/system_bus_socket
unix  3      [ ]         STREAM     CONNECTED     28306    1384/dbus-daemon     /run/user/0/bus
unix  3      [ ]         STREAM     CONNECTED     26889    1/init               /run/systemd/journal/stdout
unix  3      [ ]         STREAM     CONNECTED     19999    578/dbus-daemon      /run/dbus/system_bus_socket
unix  3      [ ]         STREAM     CONNECTED     24808    1236/gsd-media-keys  
unix  3      [ ]         STREAM     CONNECTED     24738    1229/gsd-color       
unix  3      [ ]         STREAM     CONNECTED     25807    1002/dbus-daemon     /run/user/133/bus
unix  3      [ ]         STREAM     CONNECTED     28441    1/init               /run/systemd/journal/stdout
unix  3      [ ]         STREAM     CONNECTED     23419    1388/gnome-session-  
unix  3      [ ]         STREAM     CONNECTED     19260    1/init               /run/systemd/journal/stdout
unix  3      [ ]         STREAM     CONNECTED     24795    1269/gsd-wwan        
unix  3      [ ]         STREAM     CONNECTED     24779    1265/gsd-wacom       
unix  3      [ ]         STREAM     CONNECTED     29954    1384/dbus-daemon     /run/user/0/bus
unix  3      [ ]         STREAM     CONNECTED     24372    578/dbus-daemon      /run/dbus/system_bus_socket
unix  3      [ ]         STREAM     CONNECTED     29052    1/init               /run/systemd/journal/stdout
unix  3      [ ]         STREAM     CONNECTED     25714    578/dbus-daemon      /run/dbus/system_bus_socket
unix  3      [ ]         STREAM     CONNECTED     21838    1/init               /run/systemd/journal/stdout
unix  3      [ ]         STREAM     CONNECTED     25812    1002/dbus-daemon     /run/user/133/bus
unix  3      [ ]         STREAM     CONNECTED     25656    1002/dbus-daemon     /run/user/133/bus
unix  3      [ ]         STREAM     CONNECTED     29236    1875/gsd-wacom       
unix  3      [ ]         STREAM     CONNECTED     15107    1/init               /run/systemd/journal/stdout
unix  3      [ ]         STREAM     CONNECTED     26994    1858/gsd-print-noti  
unix  3      [ ]         STREAM     CONNECTED     25274    1/init               /run/systemd/journal/stdout
unix  3      [ ]         STREAM     CONNECTED     25806    1297/gsd-printer     
unix  3      [ ]         STREAM     CONNECTED     23166    1369/gdm-x-session   
unix  3      [ ]         STREAM     CONNECTED     22138    1079/gnome-shell     
unix  3      [ ]         STREAM     CONNECTED     25793    578/dbus-daemon      /run/dbus/system_bus_socket
unix  3      [ ]         STREAM     CONNECTED     24740    1237/gsd-power       
unix  3      [ ]         STREAM     CONNECTED     29242    1875/gsd-wacom       
unix  3      [ ]         STREAM     CONNECTED     26342    1650/gvfs-udisks2-v  
unix  3      [ ]         STREAM     CONNECTED     25163    1362/pulseaudio      
unix  3      [ ]         STREAM     CONNECTED     24244    1/init               /run/systemd/journal/stdout
unix  3      [ ]         DGRAM                    13789    1/init               
unix  3      [ ]         STREAM     CONNECTED     23296    1549/dbus-daemon     
unix  3      [ ]         STREAM     CONNECTED     25715    1251/gsd-usb-protec  
unix  3      [ ]         STREAM     CONNECTED     21201    898/gdm-x-session    
unix  3      [ ]         STREAM     CONNECTED     27066    1876/gsd-wwan        
unix  3      [ ]         STREAM     CONNECTED     28246    1384/dbus-daemon     /run/user/0/bus
unix  3      [ ]         STREAM     CONNECTED     23391    1365/gnome-keyring-  
unix  3      [ ]         STREAM     CONNECTED     22134    1079/gnome-shell     
unix  3      [ ]         STREAM     CONNECTED     30092    1/init               /run/systemd/journal/stdout
unix  3      [ ]         STREAM     CONNECTED     23956    886/pulseaudio       /run/user/133/pulse/native
unix  3      [ ]         STREAM     CONNECTED     24782    1236/gsd-media-keys  
unix  3      [ ]         STREAM     CONNECTED     30265    1384/dbus-daemon     /run/user/0/bus
unix  3      [ ]         STREAM     CONNECTED     24247    1/init               /run/systemd/journal/stdout
unix  3      [ ]         STREAM     CONNECTED     27327    1941/gsd-printer     
unix  3      [ ]         STREAM     CONNECTED     28592    578/dbus-daemon      /run/dbus/system_bus_socket
unix  3      [ ]         STREAM     CONNECTED     25348    1384/dbus-daemon     /run/user/0/bus
unix  3      [ ]         STREAM     CONNECTED     23167    1384/dbus-daemon     /run/user/0/bus
unix  3      [ ]         STREAM     CONNECTED     20042    1/init               /run/systemd/journal/stdout
unix  3      [ ]         STREAM     CONNECTED     25799    578/dbus-daemon      /run/dbus/system_bus_socket
unix  3      [ ]         STREAM     CONNECTED     25644    1002/dbus-daemon     /run/user/133/bus
unix  3      [ ]         STREAM     CONNECTED     29813    1822/ibus-portal     
unix  2      [ ]         DGRAM                    16866    581/NetworkManager   
unix  3      [ ]         STREAM     CONNECTED     30267    1384/dbus-daemon     /run/user/0/bus
unix  3      [ ]         STREAM     CONNECTED     23285    1384/dbus-daemon     /run/user/0/bus
unix  3      [ ]         STREAM     CONNECTED     19972    1002/dbus-daemon     /run/user/133/bus
unix  3      [ ]         STREAM     CONNECTED     30144    1384/dbus-daemon     /run/user/0/bus
unix  3      [ ]         STREAM     CONNECTED     23593    1207/ibus-portal     
unix  3      [ ]         STREAM     CONNECTED     29233    1549/dbus-daemon     @/tmp/dbus-OhbEIlVBPz
unix  3      [ ]         STREAM     CONNECTED     27696    1674/gnome-shell     
unix  3      [ ]         STREAM     CONNECTED     25784    902/Xorg             @/tmp/.X11-unix/X0
unix  2      [ ]         DGRAM                    21319    1051/tracker-miner-  
unix  3      [ ]         STREAM     CONNECTED     30172    1384/dbus-daemon     /run/user/0/bus
unix  3      [ ]         STREAM     CONNECTED     28973    1674/gnome-shell     
unix  3      [ ]         STREAM     CONNECTED     26827    1753/tracker-store   
unix  3      [ ]         STREAM     CONNECTED     23818    1/init               /run/systemd/journal/stdout
unix  3      [ ]         STREAM     CONNECTED     54980    578/dbus-daemon      /run/dbus/system_bus_socket
unix  3      [ ]         STREAM     CONNECTED     25621    1/init               /run/systemd/journal/stdout
unix  3      [ ]         STREAM     CONNECTED     29911    1384/dbus-daemon     /run/user/0/bus
unix  2      [ ]         DGRAM                    26650    1653/udisksd         
unix  3      [ ]         STREAM     CONNECTED     23606    1207/ibus-portal     
unix  3      [ ]         STREAM     CONNECTED     55295    1371/Xorg            @/tmp/.X11-unix/X1
unix  3      [ ]         STREAM     CONNECTED     28304    1824/evolution-cale  
unix  3      [ ]         STREAM     CONNECTED     22835    619/gdm3             @/tmp/dbus-V2vpSqks
unix  3      [ ]         STREAM     CONNECTED     22025    1/init               /run/systemd/journal/stdout
unix  3      [ ]         STREAM     CONNECTED     29872    1803/ibus-daemon     @/root/.cache/ibus/dbus-XX4ft6lS
unix  2      [ ]         DGRAM                    25544    1631/gnome-session-  
unix  3      [ ]         STREAM     CONNECTED     25640    902/Xorg             @/tmp/.X11-unix/X0
unix  3      [ ]         DGRAM                    55744    3227/systemd-networ  
unix  3      [ ]         STREAM     CONNECTED     28703    1717/gvfs-goa-volum  
unix  3      [ ]         STREAM     CONNECTED     22823    1265/gsd-wacom       
unix  3      [ ]         STREAM     CONNECTED     26938    1/init               /run/systemd/journal/stdout
unix  3      [ ]         STREAM     CONNECTED     26510    578/dbus-daemon      /run/dbus/system_bus_socket
unix  3      [ ]         STREAM     CONNECTED     19328    1192/ibus-daemon     @/var/lib/gdm3/.cache/ibus/dbus-ThDMrjUE
unix  3      [ ]         STREAM     CONNECTED     26930    1/init               /run/systemd/journal/stdout
unix  3      [ ]         STREAM     CONNECTED     23861    1/init               /run/systemd/journal/stdout
unix  3      [ ]         STREAM     CONNECTED     17342    578/dbus-daemon      /run/dbus/system_bus_socket
unix  3      [ ]         STREAM     CONNECTED     16226    606/ModemManager     
unix  3      [ ]         STREAM     CONNECTED     25653    1002/dbus-daemon     /run/user/133/bus
unix  2      [ ]         DGRAM                    55735    3227/systemd-networ  
unix  3      [ ]         STREAM     CONNECTED     29225    1880/gsd-disk-utili  
unix  3      [ ]         STREAM     CONNECTED     26987    1864/gsd-screensave  
unix  3      [ ]         STREAM     CONNECTED     19404    1/init               /run/systemd/journal/stdout
unix  3      [ ]         STREAM     CONNECTED     23594    1207/ibus-portal     
unix  3      [ ]         STREAM     CONNECTED     57470    3475/gnome-terminal  
unix  3      [ ]         STREAM     CONNECTED     29218    1849/gsd-color       
unix  3      [ ]         STREAM     CONNECTED     27999    1773/evolution-sour  
unix  3      [ ]         STREAM     CONNECTED     28697    1384/dbus-daemon     /run/user/0/bus
unix  3      [ ]         STREAM     CONNECTED     23863    1234/gsd-keyboard    
unix  3      [ ]         STREAM     CONNECTED     23607    1002/dbus-daemon     /run/user/133/bus
unix  3      [ ]         STREAM     CONNECTED     16852    1/init               /run/systemd/journal/stdout
unix  3      [ ]         STREAM     CONNECTED     22219    1025/dbus-daemon     @/tmp/dbus-wmWB6UiNVk
unix  3      [ ]         STREAM     CONNECTED     15953    578/dbus-daemon      /run/dbus/system_bus_socket
unix  3      [ ]         DGRAM                    55746    3227/systemd-networ  
unix  3      [ ]         STREAM     CONNECTED     30201    1384/dbus-daemon     /run/user/0/bus
unix  3      [ ]         STREAM     CONNECTED     23731    1243/gsd-rfkill      
unix  3      [ ]         STREAM     CONNECTED     23610    1198/ibus-extension  
unix  3      [ ]         STREAM     CONNECTED     28522    1879/gsd-xsettings   
unix  3      [ ]         STREAM     CONNECTED     30058    1/init               /run/systemd/journal/stdout
unix  3      [ ]         STREAM     CONNECTED     25796    1002/dbus-daemon     /run/user/133/bus
unix  3      [ ]         STREAM     CONNECTED     16227    578/dbus-daemon      /run/dbus/system_bus_socket
unix  3      [ ]         STREAM     CONNECTED     30564    1362/pulseaudio      /run/user/0/pulse/native
unix  3      [ ]         STREAM     CONNECTED     30205    1384/dbus-daemon     /run/user/0/bus
unix  3      [ ]         STREAM     CONNECTED     23420    578/dbus-daemon      /run/dbus/system_bus_socket
unix  3      [ ]         STREAM     CONNECTED     22795    1251/gsd-usb-protec  
unix  3      [ ]         STREAM     CONNECTED     28704    1384/dbus-daemon     /run/user/0/bus
unix  3      [ ]         STREAM     CONNECTED     22824    1262/ibus-engine-si  
unix  3      [ ]         STREAM     CONNECTED     29600    1384/dbus-daemon     /run/user/0/bus
unix  3      [ ]         STREAM     CONNECTED     29239    1858/gsd-print-noti  
unix  3      [ ]         STREAM     CONNECTED     26651    1653/udisksd         
unix  3      [ ]         STREAM     CONNECTED     23595    1/init               /run/systemd/journal/stdout
unix  3      [ ]         STREAM     CONNECTED     27829    1708/gvfs-afc-volum  
unix  3      [ ]         STREAM     CONNECTED     25710    578/dbus-daemon      /run/dbus/system_bus_socket
unix  3      [ ]         STREAM     CONNECTED     21431    1177/xdg-permission  
unix  3      [ ]         STREAM     CONNECTED     29223    1883/ibus-engine-si  
unix  3      [ ]         STREAM     CONNECTED     27960    578/dbus-daemon      /run/dbus/system_bus_socket
unix  3      [ ]         STREAM     CONNECTED     22756    1234/gsd-keyboard    
unix  3      [ ]         STREAM     CONNECTED     27044    1/init               /run/systemd/journal/stdout
unix  3      [ ]         STREAM     CONNECTED     30096    1384/dbus-daemon     /run/user/0/bus
unix  3      [ ]         STREAM     CONNECTED     24811    578/dbus-daemon      /run/dbus/system_bus_socket
unix  3      [ ]         STREAM     CONNECTED     25613    1/init               /run/systemd/journal/stdout
unix  3      [ ]         STREAM     CONNECTED     30055    1/init               /run/systemd/journal/stdout
unix  3      [ ]         STREAM     CONNECTED     23605    1192/ibus-daemon     @/var/lib/gdm3/.cache/ibus/dbus-ThDMrjUE
unix  3      [ ]         STREAM     CONNECTED     25449    1625/gnome-session-  
unix  3      [ ]         STREAM     CONNECTED     23817    1246/gsd-sound       
unix  3      [ ]         STREAM     CONNECTED     22754    1234/gsd-keyboard    
unix  3      [ ]         STREAM     CONNECTED     55747    3227/systemd-networ  
unix  3      [ ]         STREAM     CONNECTED     29054    1/init               /run/systemd/journal/stdout
unix  3      [ ]         STREAM     CONNECTED     23656    1234/gsd-keyboard    
unix  3      [ ]         STREAM     CONNECTED     23601    1198/ibus-extension  
unix  3      [ ]         DGRAM                    14161    402/systemd-udevd    
unix  3      [ ]         STREAM     CONNECTED     28742    1/init               /run/systemd/journal/stdout
unix  3      [ ]         STREAM     CONNECTED     27867    1713/gvfs-gphoto2-v  
unix  2      [ ]         DGRAM                    26265    1625/gnome-session-  
unix  3      [ ]         STREAM     CONNECTED     23940    1274/gsd-xsettings   
unix  3      [ ]         STREAM     CONNECTED     29048    578/dbus-daemon      /run/dbus/system_bus_socket
unix  3      [ ]         STREAM     CONNECTED     28756    1384/dbus-daemon     /run/user/0/bus
unix  3      [ ]         STREAM     CONNECTED     22749    1237/gsd-power       
unix  3      [ ]         DGRAM                    55745    3227/systemd-networ  
unix  3      [ ]         STREAM     CONNECTED     28701    1/init               /run/systemd/journal/stdout
unix  3      [ ]         STREAM     CONNECTED     23770    1244/gsd-smartcard   
unix  3      [ ]         STREAM     CONNECTED     30885    1/init               /run/systemd/journal/stdout
unix  3      [ ]         STREAM     CONNECTED     26990    1867/gsd-smartcard   
unix  3      [ ]         STREAM     CONNECTED     22230    1173/at-spi2-regist  
unix  3      [ ]         STREAM     CONNECTED     15843    1/init               /run/systemd/journal/stdout
unix  3      [ ]         STREAM     CONNECTED     30244    1384/dbus-daemon     /run/user/0/bus
unix  3      [ ]         STREAM     CONNECTED     27953    1742/gvfs-mtp-volum  
unix  3      [ ]         STREAM     CONNECTED     21315    1051/tracker-miner-  
unix  3      [ ]         STREAM     CONNECTED     14720    1/init               /run/systemd/journal/stdout
unix  3      [ ]         STREAM     CONNECTED     28523    1865/gsd-sharing     
unix  3      [ ]         STREAM     CONNECTED     30171    1384/dbus-daemon     /run/user/0/bus
unix  3      [ ]         STREAM     CONNECTED     28754    1/init               /run/systemd/journal/stdout
unix  3      [ ]         STREAM     CONNECTED     22229    902/Xorg             @/tmp/.X11-unix/X0
unix  3      [ ]         STREAM     CONNECTED     28527    578/dbus-daemon      /run/dbus/system_bus_socket
unix  3      [ ]         STREAM     CONNECTED     23808    1246/gsd-sound       
unix  3      [ ]         STREAM     CONNECTED     22231    1002/dbus-daemon     /run/user/133/bus
unix  3      [ ]         STREAM     CONNECTED     58370    1549/dbus-daemon     @/tmp/dbus-OhbEIlVBPz
unix  3      [ ]         STREAM     CONNECTED     25327    1568/xdg-desktop-po  
unix  3      [ ]         STREAM     CONNECTED     23946    1274/gsd-xsettings   
unix  3      [ ]         STREAM     CONNECTED     32770    1674/gnome-shell     
unix  3      [ ]         STREAM     CONNECTED     26984    1824/evolution-cale  
unix  3      [ ]         STREAM     CONNECTED     25780    1002/dbus-daemon     /run/user/133/bus
unix  3      [ ]         STREAM     CONNECTED     22825    1192/ibus-daemon     @/var/lib/gdm3/.cache/ibus/dbus-ThDMrjUE
unix  3      [ ]         STREAM     CONNECTED     30529    2081/gvfsd-metadata  
unix  3      [ ]         STREAM     CONNECTED     28568    578/dbus-daemon      /run/dbus/system_bus_socket
unix  3      [ ]         STREAM     CONNECTED     28696    1713/gvfs-gphoto2-v  
unix  3      [ ]         STREAM     CONNECTED     23944    1274/gsd-xsettings   
unix  3      [ ]         DGRAM                    20604    849/systemd          
unix  3      [ ]         STREAM     CONNECTED     17791    578/dbus-daemon      
unix  3      [ ]         STREAM     CONNECTED     22218    1173/at-spi2-regist  
unix  3      [ ]         STREAM     CONNECTED     28745    1742/gvfs-mtp-volum  
unix  3      [ ]         STREAM     CONNECTED     23613    1079/gnome-shell     
unix  3      [ ]         STREAM     CONNECTED     28540    578/dbus-daemon      /run/dbus/system_bus_socket
unix  3      [ ]         STREAM     CONNECTED     22607    902/Xorg             @/tmp/.X11-unix/X0
unix  3      [ ]         DGRAM                    14162    402/systemd-udevd    
unix  3      [ ]         STREAM     CONNECTED     29234    1849/gsd-color       
unix  3      [ ]         STREAM     CONNECTED     23860    1274/gsd-xsettings   
unix  3      [ ]         STREAM     CONNECTED     22611    1025/dbus-daemon     @/tmp/dbus-wmWB6UiNVk
unix  3      [ ]         STREAM     CONNECTED     22821    1269/gsd-wwan        
unix  3      [ ]         STREAM     CONNECTED     26498    1631/gnome-session-  
unix  3      [ ]         STREAM     CONNECTED     23694    1239/gsd-print-noti  
unix  3      [ ]         STREAM     CONNECTED     30276    1913/evolution-addr  
unix  3      [ ]         STREAM     CONNECTED     23604    1207/ibus-portal     
unix  2      [ ]         DGRAM                    14159    402/systemd-udevd    
unix  3      [ ]         STREAM     CONNECTED     29232    1849/gsd-color       
unix  3      [ ]         STREAM     CONNECTED     28425    1854/gsd-keyboard    
unix  3      [ ]         STREAM     CONNECTED     25657    1002/dbus-daemon     /run/user/133/bus
unix  3      [ ]         DGRAM                    20603    849/systemd          
unix  3      [ ]         STREAM     CONNECTED     22798    1251/gsd-usb-protec  
unix  3      [ ]         STREAM     CONNECTED     52571    1/init               /run/systemd/journal/stdout
unix  3      [ ]         STREAM     CONNECTED     29231    1880/gsd-disk-utili  
unix  3      [ ]         STREAM     CONNECTED     27956    1384/dbus-daemon     /run/user/0/bus
unix  3      [ ]         STREAM     CONNECTED     22827    1297/gsd-printer     
unix  3      [ ]         STREAM     CONNECTED     19399    1/init               /run/systemd/journal/stdout
unix  3      [ ]         STREAM     CONNECTED     28386    1848/gsd-a11y-setti  
unix  3      [ ]         STREAM     CONNECTED     23585    1192/ibus-daemon     
unix  3      [ ]         STREAM     CONNECTED     55293    1/init               /run/systemd/journal/stdout
unix  3      [ ]         STREAM     CONNECTED     30094    1371/Xorg            @/tmp/.X11-unix/X1
unix  3      [ ]         STREAM     CONNECTED     23969    1079/gnome-shell     
unix  3      [ ]         STREAM     CONNECTED     23609    1198/ibus-extension  
unix  2      [ ]         DGRAM                    16144    606/ModemManager     
unix  3      [ ]         STREAM     CONNECTED     17722    577/cron             
unix  3      [ ]         STREAM     CONNECTED     29224    1871/gsd-usb-protec  
unix  3      [ ]         STREAM     CONNECTED     26826    1753/tracker-store   
unix  3      [ ]         STREAM     CONNECTED     25667    1002/dbus-daemon     /run/user/133/bus
unix  3      [ ]         STREAM     CONNECTED     25543    1384/dbus-daemon     /run/user/0/bus
unix  3      [ ]         STREAM     CONNECTED     25790    902/Xorg             @/tmp/.X11-unix/X0
unix  3      [ ]         STREAM     CONNECTED     23596    1/init               /run/systemd/journal/stdout
unix  3      [ ]         STREAM     CONNECTED     28349    1848/gsd-a11y-setti  
unix  3      [ ]         STREAM     CONNECTED     20607    849/systemd          
unix  3      [ ]         STREAM     CONNECTED     26340    1/init               /run/systemd/journal/stdout
unix  3      [ ]         STREAM     CONNECTED     26310    1/init               /run/systemd/journal/stdout
unix  3      [ ]         STREAM     CONNECTED     22755    1025/dbus-daemon     @/tmp/dbus-wmWB6UiNVk
unix  3      [ ]         DGRAM                    55743    3227/systemd-networ  
unix  3      [ ]         STREAM     CONNECTED     23809    1/init               /run/systemd/journal/stdout
unix  3      [ ]         STREAM     CONNECTED     23586    1002/dbus-daemon     /run/user/133/bus
unix  3      [ ]         STREAM     CONNECTED     57468    3475/gnome-terminal  
unix  3      [ ]         STREAM     CONNECTED     23945    1025/dbus-daemon     @/tmp/dbus-wmWB6UiNVk
unix  3      [ ]         STREAM     CONNECTED     22232    1/init               /run/systemd/journal/stdout
unix  3      [ ]         STREAM     CONNECTED     17622    569/haveged          
unix  3      [ ]         STREAM     CONNECTED     22228    1173/at-spi2-regist  
unix  3      [ ]         STREAM     CONNECTED     15233    583/polkitd          
unix  3      [ ]         STREAM     CONNECTED     21497    1192/ibus-daemon     @/var/lib/gdm3/.cache/ibus/dbus-ThDMrjUE
＜----------------------------------------------------------------＞
ARP information:
? (192.168.0.104) at 80:fa:5b:66:f2:a4 [ether] on eth0
_gateway (192.168.0.1) at 12:34:56:78:9a:bc [ether] on eth0
＜----------------------------------------------------------------＞
process information:
USER         PID %CPU %MEM    VSZ   RSS TTY      STAT START   TIME COMMAND
root           1  0.0  0.5 168748 10472 ?        Ss   08:34   0:09 /sbin/init splash
root           2  0.0  0.0      0     0 ?        S    08:34   0:00 [kthreadd]
root           3  0.0  0.0      0     0 ?        I<   08:34   0:00 [rcu_gp]
root           4  0.0  0.0      0     0 ?        I<   08:34   0:00 [rcu_par_gp]
root           6  0.0  0.0      0     0 ?        I<   08:34   0:00 [kworker/0:0H-kblockd]
root           8  0.0  0.0      0     0 ?        I<   08:34   0:00 [mm_percpu_wq]
root           9  0.0  0.0      0     0 ?        S    08:34   0:00 [ksoftirqd/0]
root          10  0.0  0.0      0     0 ?        I    08:34   0:00 [rcu_sched]
root          11  0.0  0.0      0     0 ?        S    08:34   0:00 [migration/0]
root          13  0.0  0.0      0     0 ?        S    08:34   0:00 [cpuhp/0]
root          14  0.0  0.0      0     0 ?        S    08:34   0:00 [cpuhp/1]
root          15  0.0  0.0      0     0 ?        S    08:34   0:00 [migration/1]
root          16  0.0  0.0      0     0 ?        S    08:34   0:00 [ksoftirqd/1]
root          18  0.0  0.0      0     0 ?        I<   08:34   0:00 [kworker/1:0H-kblockd]
root          19  0.0  0.0      0     0 ?        S    08:34   0:00 [cpuhp/2]
root          20  0.0  0.0      0     0 ?        S    08:34   0:00 [migration/2]
root          21  0.0  0.0      0     0 ?        S    08:34   0:00 [ksoftirqd/2]
root          23  0.0  0.0      0     0 ?        I<   08:34   0:00 [kworker/2:0H-kblockd]
root          24  0.0  0.0      0     0 ?        S    08:34   0:00 [cpuhp/3]
root          25  0.0  0.0      0     0 ?        S    08:34   0:00 [migration/3]
root          26  0.0  0.0      0     0 ?        S    08:34   0:00 [ksoftirqd/3]
root          28  0.0  0.0      0     0 ?        I<   08:34   0:00 [kworker/3:0H-kblockd]
root          29  0.0  0.0      0     0 ?        S    08:34   0:00 [kdevtmpfs]
root          30  0.0  0.0      0     0 ?        I<   08:34   0:00 [netns]
root          31  0.0  0.0      0     0 ?        S    08:34   0:00 [kauditd]
root          32  0.0  0.0      0     0 ?        S    08:34   0:00 [khungtaskd]
root          33  0.0  0.0      0     0 ?        S    08:34   0:00 [oom_reaper]
root          34  0.0  0.0      0     0 ?        I<   08:34   0:00 [writeback]
root          35  0.0  0.0      0     0 ?        S    08:34   0:00 [kcompactd0]
root          36  0.0  0.0      0     0 ?        SN   08:34   0:00 [ksmd]
root          37  0.0  0.0      0     0 ?        SN   08:34   0:00 [khugepaged]
root          83  0.0  0.0      0     0 ?        I<   08:34   0:00 [kintegrityd]
root          84  0.0  0.0      0     0 ?        I<   08:34   0:00 [kblockd]
root          85  0.0  0.0      0     0 ?        I<   08:34   0:00 [blkcg_punt_bio]
root          87  0.0  0.0      0     0 ?        I<   08:34   0:00 [edac-poller]
root          88  0.0  0.0      0     0 ?        I<   08:34   0:00 [devfreq_wq]
root          89  0.0  0.0      0     0 ?        S    08:34   0:00 [kswapd0]
root          90  0.0  0.0      0     0 ?        I<   08:34   0:00 [kthrotld]
root          91  0.0  0.0      0     0 ?        S    08:34   0:00 [irq/24-pciehp]
root          92  0.0  0.0      0     0 ?        S    08:34   0:00 [irq/25-pciehp]
root          93  0.0  0.0      0     0 ?        S    08:34   0:00 [irq/26-pciehp]
root          94  0.0  0.0      0     0 ?        S    08:34   0:00 [irq/27-pciehp]
root          95  0.0  0.0      0     0 ?        S    08:34   0:00 [irq/28-pciehp]
root          96  0.0  0.0      0     0 ?        S    08:34   0:00 [irq/29-pciehp]
root          97  0.0  0.0      0     0 ?        S    08:34   0:00 [irq/30-pciehp]
root          98  0.0  0.0      0     0 ?        S    08:34   0:00 [irq/31-pciehp]
root          99  0.0  0.0      0     0 ?        S    08:34   0:00 [irq/32-pciehp]
root         100  0.0  0.0      0     0 ?        S    08:34   0:00 [irq/33-pciehp]
root         101  0.0  0.0      0     0 ?        S    08:34   0:00 [irq/34-pciehp]
root         102  0.0  0.0      0     0 ?        S    08:34   0:00 [irq/35-pciehp]
root         103  0.0  0.0      0     0 ?        S    08:34   0:00 [irq/36-pciehp]
root         104  0.0  0.0      0     0 ?        S    08:34   0:00 [irq/37-pciehp]
root         105  0.0  0.0      0     0 ?        S    08:34   0:00 [irq/38-pciehp]
root         106  0.0  0.0      0     0 ?        S    08:34   0:00 [irq/39-pciehp]
root         107  0.0  0.0      0     0 ?        S    08:34   0:00 [irq/40-pciehp]
root         108  0.0  0.0      0     0 ?        S    08:34   0:00 [irq/41-pciehp]
root         109  0.0  0.0      0     0 ?        S    08:34   0:00 [irq/42-pciehp]
root         110  0.0  0.0      0     0 ?        S    08:34   0:00 [irq/43-pciehp]
root         111  0.0  0.0      0     0 ?        S    08:34   0:00 [irq/44-pciehp]
root         112  0.0  0.0      0     0 ?        S    08:34   0:00 [irq/45-pciehp]
root         113  0.0  0.0      0     0 ?        S    08:34   0:00 [irq/46-pciehp]
root         114  0.0  0.0      0     0 ?        S    08:34   0:00 [irq/47-pciehp]
root         115  0.0  0.0      0     0 ?        S    08:34   0:00 [irq/48-pciehp]
root         116  0.0  0.0      0     0 ?        S    08:34   0:00 [irq/49-pciehp]
root         117  0.0  0.0      0     0 ?        S    08:34   0:00 [irq/50-pciehp]
root         118  0.0  0.0      0     0 ?        S    08:34   0:00 [irq/51-pciehp]
root         119  0.0  0.0      0     0 ?        S    08:34   0:00 [irq/52-pciehp]
root         120  0.0  0.0      0     0 ?        S    08:34   0:00 [irq/53-pciehp]
root         121  0.0  0.0      0     0 ?        S    08:34   0:00 [irq/54-pciehp]
root         122  0.0  0.0      0     0 ?        S    08:34   0:00 [irq/55-pciehp]
root         123  0.0  0.0      0     0 ?        I<   08:34   0:00 [acpi_thermal_pm]
root         125  0.0  0.0      0     0 ?        I<   08:34   0:00 [ipv6_addrconf]
root         136  0.0  0.0      0     0 ?        I<   08:34   0:00 [kstrp]
root         140  0.0  0.0      0     0 ?        I<   08:34   0:00 [kworker/u9:0-hci0]
root         184  0.0  0.0      0     0 ?        I<   08:34   0:00 [ata_sff]
root         185  0.0  0.0      0     0 ?        I<   08:34   0:00 [cryptd]
root         186  0.0  0.0      0     0 ?        S    08:34   0:00 [scsi_eh_0]
root         187  0.0  0.0      0     0 ?        I<   08:34   0:00 [mpt_poll_0]
root         188  0.0  0.0      0     0 ?        I<   08:34   0:00 [scsi_tmf_0]
root         189  0.0  0.0      0     0 ?        S    08:34   0:00 [scsi_eh_1]
root         190  0.0  0.0      0     0 ?        I<   08:34   0:00 [mpt/0]
root         191  0.0  0.0      0     0 ?        I<   08:34   0:00 [scsi_tmf_1]
root         194  0.0  0.0      0     0 ?        S    08:34   0:00 [irq/16-vmwgfx]
root         195  0.0  0.0      0     0 ?        I<   08:34   0:00 [ttm_swap]
root         272  0.0  0.0      0     0 ?        I<   08:34   0:00 [kworker/0:1H-kblockd]
root         273  0.0  0.0      0     0 ?        S    08:34   0:00 [scsi_eh_2]
root         274  0.0  0.0      0     0 ?        I<   08:34   0:00 [scsi_tmf_2]
root         277  0.0  0.0      0     0 ?        I<   08:34   0:00 [kworker/1:1H-kblockd]
root         278  0.0  0.0      0     0 ?        I<   08:34   0:00 [kworker/2:1H-kblockd]
root         331  0.0  0.0      0     0 ?        S    08:34   0:00 [jbd2/sda1-8]
root         332  0.0  0.0      0     0 ?        I<   08:34   0:00 [ext4-rsv-conver]
root         333  0.0  0.0      0     0 ?        I<   08:34   0:00 [kworker/3:1H-kblockd]
root         385  0.0  0.5  36684 11892 ?        Ss   08:34   0:01 /lib/systemd/systemd-journald
root         390  0.0  0.0      0     0 ?        I<   08:34   0:00 [rpciod]
root         391  0.0  0.0      0     0 ?        I<   08:34   0:00 [xprtiod]
root         402  0.0  0.3  23112  6636 ?        Ss   08:34   0:01 /lib/systemd/systemd-udevd
root         569  0.0  0.2   8096  4148 ?        Ss   08:34   0:03 /usr/sbin/haveged --Foreground --verbose=1 -w 1024
root         576  0.0  0.3 235692  6780 ?        Ssl  08:34   0:00 /usr/lib/accountsservice/accounts-daemon
root         577  0.0  0.1   6732  2724 ?        Ss   08:34   0:00 /usr/sbin/cron -f
message+     578  0.0  0.2   9632  6024 ?        Ss   08:34   0:01 /usr/bin/dbus-daemon --system --address=systemd: --nofork --nopidfile --systemd-activation --syslog-only
root         579  0.0  0.0      0     0 ?        I<   08:34   0:00 [kworker/u9:1-hci0]
root         581  0.0  0.6 253364 13492 ?        Ssl  08:34   0:00 /usr/sbin/NetworkManager --no-daemon
root         583  0.0  0.5 235004 10276 ?        Ssl  08:34   0:00 /usr/lib/policykit-1/polkitd --no-debug
root         585  0.0  0.3 221784  6312 ?        Ssl  08:34   0:00 /usr/sbin/rsyslogd -n -iNONE
root         587  0.0  0.2  10012  4336 ?        Ss   08:34   0:00 /usr/sbin/smartd -n
root         606  0.0  0.3 313284  7984 ?        Ssl  08:34   0:00 /usr/sbin/ModemManager --filter-policy=strict
root         619  0.0  0.3 241032  7248 ?        Ssl  08:34   0:00 /usr/sbin/gdm3
root         662  0.0  0.3  16060  7044 ?        Ss   08:34   0:00 /lib/systemd/systemd-logind
root         825  0.0  0.3 165844  7640 ?        Sl   08:34   0:00 gdm-session-worker [pam/gdm-launch-environment]
Debian-+     849  0.0  0.4  18252  8552 ?        Ss   08:34   0:00 /lib/systemd/systemd --user
Debian-+     850  0.0  0.0 102196   616 ?        S    08:34   0:00 (sd-pam)
Debian-+     886  0.0  0.5 888612 10844 ?        S<sl 08:34   0:01 /usr/bin/pulseaudio --daemonize=no
Debian-+     898  0.0  0.2 163432  5792 tty1     Ssl+ 08:34   0:00 /usr/libexec/gdm-x-session gnome-session --autostart /usr/share/gdm/greeter/autostart
Debian-+     902  0.0  1.8 838928 38300 tty1     Sl+  08:34   0:01 /usr/lib/xorg/Xorg vt1 -displayfd 3 -auth /run/user/133/gdm/Xauthority -background none -noreset -keeptty -verbose 3
root         906  0.0  0.0 168256     0 ?        Ssl  08:34   0:00 /usr/sbin/vmware-vmblock-fuse -o subtype=vmware-vmblock,default_permissions,allow_other /var/run/vmblock-fuse
root         927  0.0  0.4 158340  9316 ?        Sl   08:34   0:12 /usr/sbin/vmtoolsd
root         956  0.0  0.3  40380  7000 ?        S    08:34   0:00 /usr/lib/vmware-vgauth/VGAuthService -s
rtkit        995  0.0  0.1 152692  2692 ?        SNsl 08:34   0:00 /usr/libexec/rtkit-daemon
Debian-+    1002  0.0  0.1   7380  3752 ?        Ss   08:34   0:00 /usr/bin/dbus-daemon --session --address=systemd: --nofork --nopidfile --systemd-activation --syslog-only
Debian-+    1004  0.0  0.6 275288 13668 tty1     Sl+  08:34   0:00 /usr/libexec/gnome-session-binary --systemd --autostart /usr/share/gdm/greeter/autostart
Debian-+    1020  0.0  0.2 309224  5804 ?        Ssl  08:34   0:00 /usr/libexec/at-spi-bus-launcher
Debian-+    1025  0.0  0.1   7056  3596 ?        S    08:34   0:00 /usr/bin/dbus-daemon --config-file=/usr/share/defaults/at-spi2/accessibility.conf --nofork --print-address 3
Debian-+    1047  0.0  0.1  87456  3716 ?        Ssl  08:34   0:00 /usr/libexec/gnome-session-ctl --monitor
Debian-+    1048  0.0  0.1   5888  2104 ?        Ss   08:34   0:00 ssh-agent -D -a /run/user/133/openssh_agent
Debian-+    1051  0.0  0.7 507816 15404 ?        SNsl 08:34   0:00 /usr/libexec/tracker-miner-fs
Debian-+    1054  0.0  0.6 423032 12984 ?        Ssl  08:34   0:00 /usr/libexec/gnome-session-binary --systemd-service --session=gnome-login
root        1075  0.0  0.3 249508  8028 ?        Ssl  08:34   0:00 /usr/lib/upower/upowerd
Debian-+    1079  0.1 10.4 3298820 212660 ?      Ssl  08:34   0:22 /usr/bin/gnome-shell
Debian-+    1173  0.0  0.3 170848  6428 ?        Sl   08:34   0:00 /usr/libexec/at-spi2-registryd --use-gnome-session
Debian-+    1177  0.0  0.2 233160  5944 ?        Ssl  08:34   0:00 /usr/libexec/xdg-permission-store
root        1188  0.0  0.1  13480  3536 ?        Ss   08:34   0:00 /sbin/wpa_supplicant -u -s -O /run/wpa_supplicant
Debian-+    1192  0.0  0.4 382216  8188 ?        Sl   08:34   0:00 ibus-daemon --panel disable -r --xim
Debian-+    1197  0.0  0.3 160272  7008 ?        Sl   08:34   0:00 /usr/libexec/ibus-memconf
Debian-+    1198  0.0  1.2 283144 26124 ?        Sl   08:34   0:01 /usr/libexec/ibus-extension-gtk3
Debian-+    1200  0.0  1.1 205268 22512 ?        Sl   08:34   0:00 /usr/libexec/ibus-x11 --kill-daemon
Debian-+    1207  0.0  0.3 234068  6852 ?        Sl   08:34   0:00 /usr/libexec/ibus-portal
Debian-+    1228  0.0  0.3 307216  6488 ?        Ssl  08:34   0:00 /usr/libexec/gsd-a11y-settings
Debian-+    1229  0.0  1.1 575416 23644 ?        Ssl  08:34   0:00 /usr/libexec/gsd-color
Debian-+    1234  0.0  1.0 426380 22408 ?        Ssl  08:34   0:00 /usr/libexec/gsd-keyboard
Debian-+    1236  0.0  1.2 906492 24832 ?        Ssl  08:34   0:00 /usr/libexec/gsd-media-keys
Debian-+    1237  0.0  1.1 427508 23392 ?        Ssl  08:34   0:00 /usr/libexec/gsd-power
Debian-+    1239  0.0  0.4 319328  9680 ?        Ssl  08:34   0:00 /usr/libexec/gsd-print-notifications
Debian-+    1243  0.0  0.2 454572  5688 ?        Ssl  08:34   0:00 /usr/libexec/gsd-rfkill
Debian-+    1244  0.0  0.5 312556 12016 ?        Ssl  08:34   0:00 /usr/libexec/gsd-smartcard
Debian-+    1246  0.0  0.4 320784  8860 ?        Ssl  08:34   0:00 /usr/libexec/gsd-sound
Debian-+    1251  0.0  0.3 456212  7176 ?        Ssl  08:34   0:00 /usr/libexec/gsd-usb-protection
Debian-+    1262  0.0  0.3 160268  6812 ?        Sl   08:34   0:00 /usr/libexec/ibus-engine-simple
Debian-+    1265  0.0  1.1 352820 22540 ?        Ssl  08:34   0:00 /usr/libexec/gsd-wacom
Debian-+    1269  0.0  0.3 385260  7064 ?        Ssl  08:34   0:00 /usr/libexec/gsd-wwan
Debian-+    1274  0.0  1.1 353336 23556 ?        Ssl  08:34   0:00 /usr/libexec/gsd-xsettings
colord      1291  0.0  0.6 243584 13412 ?        Ssl  08:34   0:00 /usr/libexec/colord
Debian-+    1297  0.0  0.6 352976 13404 ?        Sl   08:34   0:00 /usr/libexec/gsd-printer
root        1337  0.0  0.4 313628  8916 ?        Sl   08:35   0:00 gdm-session-worker [pam/gdm-password]
root        1342  0.0  0.4  18404  9852 ?        Ss   08:35   0:00 /lib/systemd/systemd --user
root        1343  0.0  0.0 102016  1172 ?        S    08:35   0:00 (sd-pam)
root        1362  0.0  0.8 1419380 18180 ?       S<sl 08:35   0:01 /usr/bin/pulseaudio --daemonize=no
root        1365  0.0  0.3 237724  6780 ?        Sl   08:35   0:00 /usr/bin/gnome-keyring-daemon --daemonize --login
root        1369  0.0  0.2 163432  5784 tty2     Ssl+ 08:35   0:00 /usr/libexec/gdm-x-session --run-script /usr/bin/gnome-session
root        1371  0.4  2.7 851608 55184 tty2     Sl+  08:35   0:53 /usr/lib/xorg/Xorg vt2 -displayfd 3 -auth /run/user/0/gdm/Xauthority -background none -noreset -keeptty -verbose 3
root        1384  0.0  0.2   7932  4608 ?        Ss   08:35   0:00 /usr/bin/dbus-daemon --session --address=systemd: --nofork --nopidfile --systemd-activation --syslog-only
root        1388  0.0  0.6 275292 13800 tty2     Sl+  08:35   0:00 /usr/libexec/gnome-session-binary --systemd
root        1474  0.0  0.0   5888   480 ?        Ss   08:35   0:00 /usr/bin/ssh-agent /usr/bin/im-launch /usr/bin/gnome-session
root        1502  0.0  0.3 237280  6836 ?        Ssl  08:35   0:00 /usr/libexec/gvfsd
root        1531  0.0  0.3 309228  6132 ?        Ssl  08:35   0:00 /usr/libexec/at-spi-bus-launcher
root        1549  0.0  0.1   7056  3748 ?        S    08:35   0:00 /usr/bin/dbus-daemon --config-file=/usr/share/defaults/at-spi2/accessibility.conf --nofork --print-address 3
root        1568  0.0  0.4 664872  9272 ?        Ssl  08:35   0:00 /usr/libexec/xdg-desktop-portal
root        1570  0.0  0.3 170844  6416 ?        Sl   08:35   0:00 /usr/libexec/at-spi2-registryd --use-gnome-session
root        1577  0.0  0.2 602560  6048 ?        Ssl  08:35   0:00 /usr/libexec/xdg-document-portal
root        1580  0.0  0.2 233160  5464 ?        Ssl  08:35   0:00 /usr/libexec/xdg-permission-store
root        1595  0.0  0.2 237280  5764 ?        Sl   08:35   0:00 /usr/bin/gnome-keyring-daemon --start --foreground --components=secrets
root        1625  0.0  0.1  87456  3976 ?        Ssl  08:35   0:00 /usr/libexec/gnome-session-ctl --monitor
root        1629  0.0  1.0 721288 21108 ?        SNsl 08:35   0:00 /usr/libexec/tracker-miner-fs
root        1631  0.0  0.6 570780 13688 ?        Ssl  08:35   0:00 /usr/libexec/gnome-session-binary --systemd-service --session=gnome
root        1650  0.0  0.6 494168 12800 ?        Ssl  08:35   0:00 /usr/libexec/gvfs-udisks2-volume-monitor
root        1653  0.0  0.7 392296 15080 ?        Ssl  08:35   0:00 /usr/lib/udisks2/udisksd
root        1674  1.5 20.3 3903784 414376 ?      Ssl  08:35   3:15 /usr/bin/gnome-shell
root        1693  0.0  0.2 155984  5484 ?        Sl   08:35   0:00 /usr/libexec/dconf-service
root        1708  0.0  0.3 314204  7560 ?        Ssl  08:35   0:00 /usr/libexec/gvfs-afc-volume-monitor
root        1713  0.0  0.2 235484  5844 ?        Ssl  08:35   0:00 /usr/libexec/gvfs-gphoto2-volume-monitor
root        1717  0.0  0.2 233352  6092 ?        Ssl  08:35   0:00 /usr/libexec/gvfs-goa-volume-monitor
root        1721  0.0  1.1 549596 23332 ?        Sl   08:35   0:00 /usr/libexec/goa-daemon
root        1740  0.0  0.4 312268  9472 ?        Sl   08:35   0:00 /usr/libexec/goa-identity-service
root        1742  0.0  0.2 233120  5456 ?        Ssl  08:35   0:00 /usr/libexec/gvfs-mtp-volume-monitor
root        1753  0.0  1.3 431160 27108 ?        Ssl  08:35   0:01 /usr/libexec/tracker-store
root        1769  0.0  0.8 505524 17564 ?        Sl   08:35   0:00 /usr/lib/gnome-shell/gnome-shell-calendar-server
root        1773  0.0  1.0 1079860 20832 ?       Ssl  08:35   0:00 /usr/libexec/evolution-source-registry
root        1792  0.0  0.3 311364  7060 ?        Sl   08:35   0:00 /usr/libexec/gvfsd-trash --spawner :1.8 /org/gtk/gvfs/exec_spaw/0
root        1803  0.0  0.3 308632  7796 ?        Sl   08:35   0:07 ibus-daemon --panel disable -r --xim
root        1810  0.0  0.3 160272  6244 ?        Sl   08:35   0:00 /usr/libexec/ibus-memconf
root        1812  0.0  1.1 283176 23128 ?        Sl   08:35   0:01 /usr/libexec/ibus-extension-gtk3
root        1819  0.0  1.0 205276 21360 ?        Sl   08:35   0:00 /usr/libexec/ibus-x11 --kill-daemon
root        1822  0.0  0.3 234068  7056 ?        Sl   08:35   0:00 /usr/libexec/ibus-portal
root        1824  0.0  1.1 864932 23020 ?        Ssl  08:35   0:00 /usr/libexec/evolution-calendar-factory
root        1848  0.0  0.2 307224  6076 ?        Ssl  08:35   0:00 /usr/libexec/gsd-a11y-settings
root        1849  0.0  1.0 575604 21840 ?        Ssl  08:35   0:00 /usr/libexec/gsd-color
root        1852  0.0  0.7 383488 14428 ?        Ssl  08:35   0:00 /usr/libexec/gsd-datetime
root        1853  0.0  0.3 309240  7312 ?        Ssl  08:35   0:00 /usr/libexec/gsd-housekeeping
root        1854  0.0  0.9 426384 19564 ?        Ssl  08:35   0:00 /usr/libexec/gsd-keyboard
root        1855  0.0  1.1 906560 22644 ?        Ssl  08:35   0:00 /usr/libexec/gsd-media-keys
root        1856  0.0  1.0 353828 22096 ?        Ssl  08:35   0:00 /usr/libexec/gsd-power
root        1858  0.0  0.4 319328  8776 ?        Ssl  08:35   0:00 /usr/libexec/gsd-print-notifications
root        1860  0.0  0.2 454572  5380 ?        Ssl  08:35   0:00 /usr/libexec/gsd-rfkill
root        1864  0.0  0.2 233120  5500 ?        Ssl  08:35   0:00 /usr/libexec/gsd-screensaver-proxy
root        1865  0.0  0.4 462292  8708 ?        Ssl  08:35   0:00 /usr/libexec/gsd-sharing
root        1866  0.0  2.0 639048 42492 ?        Sl   08:35   0:00 /usr/libexec/evolution-data-server/evolution-alarm-notify
root        1867  0.0  0.4 386296  9424 ?        Ssl  08:35   0:00 /usr/libexec/gsd-smartcard
root        1868  0.0  0.4 320788  8208 ?        Ssl  08:35   0:00 /usr/libexec/gsd-sound
root        1871  0.0  0.3 456212  6732 ?        Ssl  08:35   0:00 /usr/libexec/gsd-usb-protection
root        1875  0.0  1.0 352848 20520 ?        Ssl  08:35   0:00 /usr/libexec/gsd-wacom
root        1876  0.0  0.3 311532  6524 ?        Ssl  08:35   0:00 /usr/libexec/gsd-wwan
root        1879  0.0  1.0 353380 21184 ?        Ssl  08:35   0:00 /usr/libexec/gsd-xsettings
root        1880  0.0  0.2 231512  4648 ?        Sl   08:35   0:00 /usr/libexec/gsd-disk-utility-notify
root        1883  0.0  0.3 160268  6780 ?        Sl   08:35   0:02 /usr/libexec/ibus-engine-simple
root        1909  0.1  0.9 225128 19312 ?        Sl   08:35   0:14 /usr/lib/vmware-tools/sbin64/vmtoolsd -n vmusr --blockFd 3
root        1913  0.0  1.2 667392 24848 ?        Ssl  08:35   0:00 /usr/libexec/evolution-addressbook-factory
root        1941  0.0  0.6 352976 13044 ?        Sl   08:35   0:00 /usr/libexec/gsd-printer
root        2081  0.0  0.2 159784  6080 ?        Ssl  08:36   0:00 /usr/libexec/gvfsd-metadata
root        2897  0.0  0.0      0     0 ?        I    09:52   0:05 [kworker/3:2-events]
root        3214  0.0  1.1 372872 23344 ?        Ssl  11:24   0:00 /usr/lib/fwupd/fwupd
systemd+    3227  0.0  0.3  17704  7656 ?        Ss   11:24   0:00 /lib/systemd/systemd-networkd
root        3362  0.0  0.0      0     0 ?        I    11:26   0:01 [kworker/u8:2-flush-8:0]
root        3475  0.2  2.3 557012 47752 ?        Ssl  11:27   0:06 /usr/libexec/gnome-terminal-server
root        3485  0.0  0.2   8160  4888 pts/0    Ss   11:27   0:00 bash
root        3557  0.0  0.0      0     0 ?        I    11:39   0:00 [kworker/0:1-events]
root        3561  0.0  0.0      0     0 ?        I    11:40   0:00 [kworker/2:0-ata_sff]
root        4044  0.0  0.0      0     0 ?        I    11:51   0:00 [kworker/2:1-cgroup_destroy]
root        4059  0.0  0.0      0     0 ?        I    11:56   0:00 [kworker/u8:0-events_unbound]
root        4063  0.0  0.0      0     0 ?        I    11:57   0:00 [kworker/3:1-ata_sff]
root        4068  0.0  0.0      0     0 ?        I    11:59   0:00 [kworker/1:2-events]
root        4701  0.0  0.0      0     0 ?        I    12:04   0:00 [kworker/1:0-ata_sff]
root        4720  0.0  0.0      0     0 ?        I    12:04   0:00 [kworker/0:2-events]
root        5336  0.0  0.0      0     0 ?        I    12:05   0:00 [kworker/u8:1-floppy]
root        5350  0.0  0.0      0     0 ?        I    12:05   0:00 [kworker/2:2-cgroup_destroy]
root        5351  0.0  0.0      0     0 ?        I    12:05   0:00 [kworker/2:3-events_freezable_power_]
root        6015  0.0  0.4  15440  9464 pts/0    S+   12:09   0:00 python test.py
root        6610  0.0  0.0   2392   828 pts/0    S+   12:10   0:00 sh -c (echo process information: && ps -aux) >> test.log
root        6611  0.0  0.1   9108  3252 pts/0    R+   12:10   0:00 ps -aux
＜----------------------------------------------------------------＞
the live data collection has finished
